Archive member included to satisfy reference by file (symbol)

/home/sean/.cache/arduino/sketches/828FCB417685B578D8734FE54D6C0719/../../cores/adafruit_nrf52_feather52832_834d5f6a6bc090e19e7c4385762c2a0a/core.a(gcc_startup_nrf52.S.o)
                              (Reset_Handler)
/home/sean/.cache/arduino/sketches/828FCB417685B578D8734FE54D6C0719/../../cores/adafruit_nrf52_feather52832_834d5f6a6bc090e19e7c4385762c2a0a/core.a(main.cpp.o)
                              /home/sean/.arduino15/packages/adafruit/tools/arm-none-eabi-gcc/9-2019q4/bin/../lib/gcc/arm-none-eabi/9.2.1/../../../../arm-none-eabi/lib/thumb/v7e-m+fp/hard/crt0.o (main)
/home/sean/.cache/arduino/sketches/828FCB417685B578D8734FE54D6C0719/../../cores/adafruit_nrf52_feather52832_834d5f6a6bc090e19e7c4385762c2a0a/core.a(system_nrf52.c.o)
                              /home/sean/.cache/arduino/sketches/828FCB417685B578D8734FE54D6C0719/../../cores/adafruit_nrf52_feather52832_834d5f6a6bc090e19e7c4385762c2a0a/core.a(gcc_startup_nrf52.S.o) (SystemInit)
/home/sean/.cache/arduino/sketches/828FCB417685B578D8734FE54D6C0719/../../cores/adafruit_nrf52_feather52832_834d5f6a6bc090e19e7c4385762c2a0a/core.a(rtos.cpp.o)
                              /home/sean/.cache/arduino/sketches/828FCB417685B578D8734FE54D6C0719/../../cores/adafruit_nrf52_feather52832_834d5f6a6bc090e19e7c4385762c2a0a/core.a(main.cpp.o) (yield)
/home/sean/.cache/arduino/sketches/828FCB417685B578D8734FE54D6C0719/../../cores/adafruit_nrf52_feather52832_834d5f6a6bc090e19e7c4385762c2a0a/core.a(AdaCallback.c.o)
                              /home/sean/.cache/arduino/sketches/828FCB417685B578D8734FE54D6C0719/../../cores/adafruit_nrf52_feather52832_834d5f6a6bc090e19e7c4385762c2a0a/core.a(main.cpp.o) (ada_callback_init)
/home/sean/.cache/arduino/sketches/828FCB417685B578D8734FE54D6C0719/../../cores/adafruit_nrf52_feather52832_834d5f6a6bc090e19e7c4385762c2a0a/core.a(wiring.c.o)
                              /home/sean/.cache/arduino/sketches/828FCB417685B578D8734FE54D6C0719/../../cores/adafruit_nrf52_feather52832_834d5f6a6bc090e19e7c4385762c2a0a/core.a(main.cpp.o) (init)
/home/sean/.cache/arduino/sketches/828FCB417685B578D8734FE54D6C0719/../../cores/adafruit_nrf52_feather52832_834d5f6a6bc090e19e7c4385762c2a0a/core.a(wiring_digital.c.o)
                              /home/sean/.cache/arduino/sketches/828FCB417685B578D8734FE54D6C0719/core/variant.cpp.o (pinMode)
/home/sean/.cache/arduino/sketches/828FCB417685B578D8734FE54D6C0719/../../cores/adafruit_nrf52_feather52832_834d5f6a6bc090e19e7c4385762c2a0a/core.a(Uart.cpp.o)
                              /home/sean/.cache/arduino/sketches/828FCB417685B578D8734FE54D6C0719/../../cores/adafruit_nrf52_feather52832_834d5f6a6bc090e19e7c4385762c2a0a/core.a(main.cpp.o) (Uart::write(unsigned char const*, unsigned int))
/home/sean/.cache/arduino/sketches/828FCB417685B578D8734FE54D6C0719/../../cores/adafruit_nrf52_feather52832_834d5f6a6bc090e19e7c4385762c2a0a/core.a(heap_3.c.o)
                              /home/sean/.cache/arduino/sketches/828FCB417685B578D8734FE54D6C0719/../../cores/adafruit_nrf52_feather52832_834d5f6a6bc090e19e7c4385762c2a0a/core.a(AdaCallback.c.o) (__wrap_malloc)
/home/sean/.cache/arduino/sketches/828FCB417685B578D8734FE54D6C0719/../../cores/adafruit_nrf52_feather52832_834d5f6a6bc090e19e7c4385762c2a0a/core.a(queue.c.o)
                              /home/sean/.cache/arduino/sketches/828FCB417685B578D8734FE54D6C0719/../../cores/adafruit_nrf52_feather52832_834d5f6a6bc090e19e7c4385762c2a0a/core.a(AdaCallback.c.o) (xQueueGenericCreate)
/home/sean/.cache/arduino/sketches/828FCB417685B578D8734FE54D6C0719/../../cores/adafruit_nrf52_feather52832_834d5f6a6bc090e19e7c4385762c2a0a/core.a(tasks.c.o)
                              /home/sean/.cache/arduino/sketches/828FCB417685B578D8734FE54D6C0719/../../cores/adafruit_nrf52_feather52832_834d5f6a6bc090e19e7c4385762c2a0a/core.a(main.cpp.o) (xTaskCreate)
/home/sean/.cache/arduino/sketches/828FCB417685B578D8734FE54D6C0719/../../cores/adafruit_nrf52_feather52832_834d5f6a6bc090e19e7c4385762c2a0a/core.a(timers.c.o)
                              /home/sean/.cache/arduino/sketches/828FCB417685B578D8734FE54D6C0719/../../cores/adafruit_nrf52_feather52832_834d5f6a6bc090e19e7c4385762c2a0a/core.a(tasks.c.o) (xTimerCreateTimerTask)
/home/sean/.cache/arduino/sketches/828FCB417685B578D8734FE54D6C0719/../../cores/adafruit_nrf52_feather52832_834d5f6a6bc090e19e7c4385762c2a0a/core.a(port_cmsis.c.o)
                              /home/sean/.cache/arduino/sketches/828FCB417685B578D8734FE54D6C0719/../../cores/adafruit_nrf52_feather52832_834d5f6a6bc090e19e7c4385762c2a0a/core.a(tasks.c.o) (pxPortInitialiseStack)
/home/sean/.cache/arduino/sketches/828FCB417685B578D8734FE54D6C0719/../../cores/adafruit_nrf52_feather52832_834d5f6a6bc090e19e7c4385762c2a0a/core.a(port_cmsis_systick.c.o)
[...]
Memory Configuration

Name             Origin             Length             Attributes
FLASH            0x0000000000026000 0x0000000000047000 xr
RAM              0x0000000020003600 0x000000000000ca00 xrw
*default*        0x0000000000000000 0xffffffffffffffff

Linker script and memory map

                0x0000000000000800                __StackSize = 0x800
                0x0000000020010000                PROVIDE (__StackTop = (ORIGIN (RAM) + LENGTH (RAM)))
                0x000000002000f800                PROVIDE (__StackLimit = (__StackTop - __StackSize))
                0x0000000020010000                PROVIDE (__stack = __StackTop)
                0x0000000000026000                __flash_arduino_start = ORIGIN (FLASH)
                0x000000000006d000                __flash_arduino_end = (ORIGIN (FLASH) + LENGTH (FLASH))

.text           0x0000000000026000     0x3eec
 *(.isr_vector)
 .isr_vector    0x0000000000026000      0x200 /home/sean/.cache/arduino/sketches/828FCB417685B578D8734FE54D6C0719/../../cores/adafruit_nrf52_feather52832_834d5f6a6bc090e19e7c4385762c2a0a/core.a(gcc_startup_nrf52.S.o)
                0x0000000000026000                __isr_vector
 *(.text*)
 .text.startup  0x0000000000026200       0x10 /home/sean/.arduino15/packages/adafruit/tools/arm-none-eabi-gcc/9-2019q4/bin/../lib/gcc/arm-none-eabi/9.2.1/thumb/v7e-m+fp/hard/crtfastmath.o
 .text          0x0000000000026210       0x40 /home/sean/.arduino15/packages/adafruit/tools/arm-none-eabi-gcc/9-2019q4/bin/../lib/gcc/arm-none-eabi/9.2.1/thumb/v7e-m+fp/hard/crtbegin.o
 .text          0x0000000000026250       0x74 /home/sean/.arduino15/packages/adafruit/tools/arm-none-eabi-gcc/9-2019q4/bin/../lib/gcc/arm-none-eabi/9.2.1/../../../../arm-none-eabi/lib/thumb/v7e-m+fp/hard/crt0.o
                0x0000000000026250                _mainCRTStartup
                0x0000000000026250                _start
 .text.led_init
                0x00000000000262c4        0xc /home/sean/.cache/arduino/sketches/828FCB417685B578D8734FE54D6C0719/sketch/led.c.o
                0x00000000000262c4                led_init
 .text.led_main
                0x00000000000262d0       0x48 /home/sean/.cache/arduino/sketches/828FCB417685B578D8734FE54D6C0719/sketch/led.c.o
                0x00000000000262d0                led_main
 .text.setup    0x0000000000026318        0x4 /home/sean/.cache/arduino/sketches/828FCB417685B578D8734FE54D6C0719/sketch/macro-blues.ino.cpp.o
                0x0000000000026318                setup
 .text.loop     0x000000000002631c        0x4 /home/sean/.cache/arduino/sketches/828FCB417685B578D8734FE54D6C0719/sketch/macro-blues.ino.cpp.o
                0x000000000002631c                loop
 .text._Z11initVariantv
                0x0000000000026320       0x24 /home/sean/.cache/arduino/sketches/828FCB417685B578D8734FE54D6C0719/core/variant.cpp.o
                0x0000000000026320                initVariant()
 .text          0x0000000000026344       0x54 /home/sean/.cache/arduino/sketches/828FCB417685B578D8734FE54D6C0719/../../cores/adafruit_nrf52_feather52832_834d5f6a6bc090e19e7c4385762c2a0a/core.a(gcc_startup_nrf52.S.o)
                0x0000000000026344                Reset_Handler
                0x0000000000026384                NMI_Handler
                0x0000000000026386                HardFault_Handler
                0x0000000000026388                MemoryManagement_Handler
                0x000000000002638a                BusFault_Handler
                0x000000000002638c                UsageFault_Handler
                0x0000000000026390                DebugMon_Handler
                0x0000000000026394                SysTick_Handler
                0x0000000000026396                TIMER2_IRQHandler
                0x0000000000026396                RTC0_IRQHandler
                0x0000000000026396                SWI0_EGU0_IRQHandler
                0x0000000000026396                SWI2_EGU2_IRQHandler
                0x0000000000026396                GPIOTE_IRQHandler
                0x0000000000026396                PWM1_IRQHandler
                0x0000000000026396                POWER_CLOCK_IRQHandler
                0x0000000000026396                RADIO_IRQHandler
                0x0000000000026396                PDM_IRQHandler
                0x0000000000026396                TEMP_IRQHandler
                0x0000000000026396                QDEC_IRQHandler
                0x0000000000026396                TIMER3_IRQHandler
                0x0000000000026396                FPU_IRQHandler
                0x0000000000026396                SPIM0_SPIS0_TWIM0_TWIS0_SPI0_TWI0_IRQHandler
                0x0000000000026396                TIMER4_IRQHandler
                0x0000000000026396                I2S_IRQHandler
                0x0000000000026396                SWI4_EGU4_IRQHandler
                0x0000000000026396                TIMER0_IRQHandler
                0x0000000000026396                TIMER1_IRQHandler
                0x0000000000026396                PWM2_IRQHandler
                0x0000000000026396                ECB_IRQHandler
                0x0000000000026396                SPIM1_SPIS1_TWIM1_TWIS1_SPI1_TWI1_IRQHandler
                0x0000000000026396                Default_Handler
                0x0000000000026396                SAADC_IRQHandler
                0x0000000000026396                CCM_AAR_IRQHandler
                0x0000000000026396                WDT_IRQHandler
                0x0000000000026396                SWI5_EGU5_IRQHandler
                0x0000000000026396                RNG_IRQHandler
                0x0000000000026396                RTC2_IRQHandler
                0x0000000000026396                PWM0_IRQHandler
                0x0000000000026396                SWI3_EGU3_IRQHandler
                0x0000000000026396                SWI1_EGU1_IRQHandler
                0x0000000000026396                SPIM2_SPIS2_SPI2_IRQHandler
                0x0000000000026396                NFCT_IRQHandler
                0x0000000000026396                MWU_IRQHandler
                0x0000000000026396                COMP_LPCOMP_IRQHandler
 .text._ZL9loop_taskPv
                0x0000000000026398       0x54 /home/sean/.cache/arduino/sketches/828FCB417685B578D8734FE54D6C0719/../../cores/adafruit_nrf52_feather52832_834d5f6a6bc090e19e7c4385762c2a0a/core.a(main.cpp.o)
 .text.startup.main
                0x00000000000263ec       0x5c /home/sean/.cache/arduino/sketches/828FCB417685B578D8734FE54D6C0719/../../cores/adafruit_nrf52_feather52832_834d5f6a6bc090e19e7c4385762c2a0a/core.a(main.cpp.o)
                0x00000000000263ec                main
 .text.SystemInit
                0x0000000000026448      0x388 /home/sean/.cache/arduino/sketches/828FCB417685B578D8734FE54D6C0719/../../cores/adafruit_nrf52_feather52832_834d5f6a6bc090e19e7c4385762c2a0a/core.a(system_nrf52.c.o)
                0x0000000000026448                SystemInit
 .text.yield    0x00000000000267d0       0x18 /home/sean/.cache/arduino/sketches/828FCB417685B578D8734FE54D6C0719/../../cores/adafruit_nrf52_feather52832_834d5f6a6bc090e19e7c4385762c2a0a/core.a(rtos.cpp.o)
                0x00000000000267d0                yield
 .text.vApplicationStackOverflowHook
                0x00000000000267e8        0x4 /home/sean/.cache/arduino/sketches/828FCB417685B578D8734FE54D6C0719/../../cores/adafruit_nrf52_feather52832_834d5f6a6bc090e19e7c4385762c2a0a/core.a(rtos.cpp.o)
                0x00000000000267e8                vApplicationStackOverflowHook
 .text.vApplicationMallocFailedHook
                0x00000000000267ec        0x4 /home/sean/.cache/arduino/sketches/828FCB417685B578D8734FE54D6C0719/../../cores/adafruit_nrf52_feather52832_834d5f6a6bc090e19e7c4385762c2a0a/core.a(rtos.cpp.o)
                0x00000000000267ec                vApplicationMallocFailedHook
 .text.vApplicationGetIdleTaskMemory
                0x00000000000267f0       0x1c /home/sean/.cache/arduino/sketches/828FCB417685B578D8734FE54D6C0719/../../cores/adafruit_nrf52_feather52832_834d5f6a6bc090e19e7c4385762c2a0a/core.a(rtos.cpp.o)
                0x00000000000267f0                vApplicationGetIdleTaskMemory
 .text.vApplicationGetTimerTaskMemory
                0x000000000002680c       0x20 /home/sean/.cache/arduino/sketches/828FCB417685B578D8734FE54D6C0719/../../cores/adafruit_nrf52_feather52832_834d5f6a6bc090e19e7c4385762c2a0a/core.a(rtos.cpp.o)
                0x000000000002680c                vApplicationGetTimerTaskMemory
 .text.adafruit_callback_task
                0x000000000002682c       0x84 /home/sean/.cache/arduino/sketches/828FCB417685B578D8734FE54D6C0719/../../cores/adafruit_nrf52_feather52832_834d5f6a6bc090e19e7c4385762c2a0a/core.a(AdaCallback.c.o)
                0x000000000002682c                adafruit_callback_task
 .text.ada_callback_init
                0x00000000000268b0       0x48 /home/sean/.cache/arduino/sketches/828FCB417685B578D8734FE54D6C0719/../../cores/adafruit_nrf52_feather52832_834d5f6a6bc090e19e7c4385762c2a0a/core.a(AdaCallback.c.o)
                0x00000000000268b0                ada_callback_init
 .text.init     0x00000000000268f8       0x74 /home/sean/.cache/arduino/sketches/828FCB417685B578D8734FE54D6C0719/../../cores/adafruit_nrf52_feather52832_834d5f6a6bc090e19e7c4385762c2a0a/core.a(wiring.c.o)
                0x00000000000268f8                init
 .text.pinMode  0x000000000002696c      0x130 /home/sean/.cache/arduino/sketches/828FCB417685B578D8734FE54D6C0719/../../cores/adafruit_nrf52_feather52832_834d5f6a6bc090e19e7c4385762c2a0a/core.a(wiring_digital.c.o)
                0x000000000002696c                pinMode
 .text.ledOff   0x0000000000026a9c       0x1c /home/sean/.cache/arduino/sketches/828FCB417685B578D8734FE54D6C0719/../../cores/adafruit_nrf52_feather52832_834d5f6a6bc090e19e7c4385762c2a0a/core.a(wiring_digital.c.o)
                0x0000000000026a9c                ledOff
 .text._ZN4UartcvbEv
                0x0000000000026ab8        0x8 /home/sean/.cache/arduino/sketches/828FCB417685B578D8734FE54D6C0719/../../cores/adafruit_nrf52_feather52832_834d5f6a6bc090e19e7c4385762c2a0a/core.a(Uart.cpp.o)
                0x0000000000026ab8                Uart::operator bool()
 .text._ZN4Uart3endEv
                0x0000000000026ac0       0x94 /home/sean/.cache/arduino/sketches/828FCB417685B578D8734FE54D6C0719/../../cores/adafruit_nrf52_feather52832_834d5f6a6bc090e19e7c4385762c2a0a/core.a(Uart.cpp.o)
                0x0000000000026ac0                Uart::end()
 .text._ZN4Uart9availableEv
                0x0000000000026b54        0x8 /home/sean/.cache/arduino/sketches/828FCB417685B578D8734FE54D6C0719/../../cores/adafruit_nrf52_feather52832_834d5f6a6bc090e19e7c4385762c2a0a/core.a(Uart.cpp.o)
                0x0000000000026b54                Uart::available()
 .text._ZN4Uart4peekEv
                0x0000000000026b5c        0x8 /home/sean/.cache/arduino/sketches/828FCB417685B578D8734FE54D6C0719/../../cores/adafruit_nrf52_feather52832_834d5f6a6bc090e19e7c4385762c2a0a/core.a(Uart.cpp.o)
                0x0000000000026b5c                Uart::peek()
 .text._ZN4Uart4readEv
                0x0000000000026b64        0x8 /home/sean/.cache/arduino/sketches/828FCB417685B578D8734FE54D6C0719/../../cores/adafruit_nrf52_feather52832_834d5f6a6bc090e19e7c4385762c2a0a/core.a(Uart.cpp.o)
                0x0000000000026b64                Uart::read()
 .text._ZN4Uart17availableForWriteEv
                0x0000000000026b6c       0x14 /home/sean/.cache/arduino/sketches/828FCB417685B578D8734FE54D6C0719/../../cores/adafruit_nrf52_feather52832_834d5f6a6bc090e19e7c4385762c2a0a/core.a(Uart.cpp.o)
                0x0000000000026b6c                Uart::availableForWrite()
 .text._ZN4Uart5flushEv
                0x0000000000026b80       0x2c /home/sean/.cache/arduino/sketches/828FCB417685B578D8734FE54D6C0719/../../cores/adafruit_nrf52_feather52832_834d5f6a6bc090e19e7c4385762c2a0a/core.a(Uart.cpp.o)
                0x0000000000026b80                Uart::flush()
 .text._ZN4Uart5writeEh
                0x0000000000026bac       0x48 /home/sean/.cache/arduino/sketches/828FCB417685B578D8734FE54D6C0719/../../cores/adafruit_nrf52_feather52832_834d5f6a6bc090e19e7c4385762c2a0a/core.a(Uart.cpp.o)
                0x0000000000026bac                Uart::write(unsigned char)
 .text._ZN4Uart5writeEPKhj
                0x0000000000026bf4       0x54 /home/sean/.cache/arduino/sketches/828FCB417685B578D8734FE54D6C0719/../../cores/adafruit_nrf52_feather52832_834d5f6a6bc090e19e7c4385762c2a0a/core.a(Uart.cpp.o)
                0x0000000000026bf4                Uart::write(unsigned char const*, unsigned int)
 .text._ZN4Uart5beginEm
                0x0000000000026c48      0x200 /home/sean/.cache/arduino/sketches/828FCB417685B578D8734FE54D6C0719/../../cores/adafruit_nrf52_feather52832_834d5f6a6bc090e19e7c4385762c2a0a/core.a(Uart.cpp.o)
                0x0000000000026c48                Uart::begin(unsigned long)
 .text._ZN4Uart5beginEmt
                0x0000000000026e48      0x1ec /home/sean/.cache/arduino/sketches/828FCB417685B578D8734FE54D6C0719/../../cores/adafruit_nrf52_feather52832_834d5f6a6bc090e19e7c4385762c2a0a/core.a(Uart.cpp.o)
                0x0000000000026e48                Uart::begin(unsigned long, unsigned short)
 .text._Z14serialEventRunv
                0x0000000000027034       0x20 /home/sean/.cache/arduino/sketches/828FCB417685B578D8734FE54D6C0719/../../cores/adafruit_nrf52_feather52832_834d5f6a6bc090e19e7c4385762c2a0a/core.a(Uart.cpp.o)
                0x0000000000027034                serialEventRun()
 .text.UARTE0_UART0_IRQHandler
                0x0000000000027054       0x4c /home/sean/.cache/arduino/sketches/828FCB417685B578D8734FE54D6C0719/../../cores/adafruit_nrf52_feather52832_834d5f6a6bc090e19e7c4385762c2a0a/core.a(Uart.cpp.o)
                0x0000000000027054                UARTE0_UART0_IRQHandler
 .text.startup._GLOBAL__sub_I__ZN4UartC2EP14NRF_UARTE_Type9IRQn_Typehh
                0x00000000000270a0       0x4c /home/sean/.cache/arduino/sketches/828FCB417685B578D8734FE54D6C0719/../../cores/adafruit_nrf52_feather52832_834d5f6a6bc090e19e7c4385762c2a0a/core.a(Uart.cpp.o)
 .text.__wrap_free
                0x00000000000270ec       0x2c /home/sean/.cache/arduino/sketches/828FCB417685B578D8734FE54D6C0719/../../cores/adafruit_nrf52_feather52832_834d5f6a6bc090e19e7c4385762c2a0a/core.a(heap_3.c.o)
                0x00000000000270ec                __wrap_free
 .text.pvPortMalloc
                0x0000000000027118       0x28 /home/sean/.cache/arduino/sketches/828FCB417685B578D8734FE54D6C0719/../../cores/adafruit_nrf52_feather52832_834d5f6a6bc090e19e7c4385762c2a0a/core.a(heap_3.c.o)
                0x0000000000027118                pvPortMalloc
 .text.vPortFree
                0x0000000000027140       0x1c /home/sean/.cache/arduino/sketches/828FCB417685B578D8734FE54D6C0719/../../cores/adafruit_nrf52_feather52832_834d5f6a6bc090e19e7c4385762c2a0a/core.a(heap_3.c.o)
                0x0000000000027140                vPortFree
 .text.xQueueGenericCreateStatic
                0x000000000002715c       0x60 /home/sean/.cache/arduino/sketches/828FCB417685B578D8734FE54D6C0719/../../cores/adafruit_nrf52_feather52832_834d5f6a6bc090e19e7c4385762c2a0a/core.a(queue.c.o)
                0x000000000002715c                xQueueGenericCreateStatic
 .text.xQueueGenericCreate
                0x00000000000271bc       0x84 /home/sean/.cache/arduino/sketches/828FCB417685B578D8734FE54D6C0719/../../cores/adafruit_nrf52_feather52832_834d5f6a6bc090e19e7c4385762c2a0a/core.a(queue.c.o)
                0x00000000000271bc                xQueueGenericCreate
 .text.xQueueGenericSend
                0x0000000000027240      0x360 /home/sean/.cache/arduino/sketches/828FCB417685B578D8734FE54D6C0719/../../cores/adafruit_nrf52_feather52832_834d5f6a6bc090e19e7c4385762c2a0a/core.a(queue.c.o)
                0x0000000000027240                xQueueGenericSend
 .text.xQueueGiveFromISR
                0x00000000000275a0       0x60 /home/sean/.cache/arduino/sketches/828FCB417685B578D8734FE54D6C0719/../../cores/adafruit_nrf52_feather52832_834d5f6a6bc090e19e7c4385762c2a0a/core.a(queue.c.o)
                0x00000000000275a0                xQueueGiveFromISR
 .text.xQueueReceive
                0x0000000000027600      0x2b8 /home/sean/.cache/arduino/sketches/828FCB417685B578D8734FE54D6C0719/../../cores/adafruit_nrf52_feather52832_834d5f6a6bc090e19e7c4385762c2a0a/core.a(queue.c.o)
                0x0000000000027600                xQueueReceive
 .text.xQueueSemaphoreTake
                0x00000000000278b8      0x2f8 /home/sean/.cache/arduino/sketches/828FCB417685B578D8734FE54D6C0719/../../cores/adafruit_nrf52_feather52832_834d5f6a6bc090e19e7c4385762c2a0a/core.a(queue.c.o)
                0x00000000000278b8                xQueueSemaphoreTake
 .text.uxQueueMessagesWaiting
                0x0000000000027bb0       0x18 /home/sean/.cache/arduino/sketches/828FCB417685B578D8734FE54D6C0719/../../cores/adafruit_nrf52_feather52832_834d5f6a6bc090e19e7c4385762c2a0a/core.a(queue.c.o)
                0x0000000000027bb0                uxQueueMessagesWaiting
 .text.vQueueDelete
                0x0000000000027bc8       0x48 /home/sean/.cache/arduino/sketches/828FCB417685B578D8734FE54D6C0719/../../cores/adafruit_nrf52_feather52832_834d5f6a6bc090e19e7c4385762c2a0a/core.a(queue.c.o)
                0x0000000000027bc8                vQueueDelete
 .text.vQueueAddToRegistry
                0x0000000000027c10       0x24 /home/sean/.cache/arduino/sketches/828FCB417685B578D8734FE54D6C0719/../../cores/adafruit_nrf52_feather52832_834d5f6a6bc090e19e7c4385762c2a0a/core.a(queue.c.o)
                0x0000000000027c10                vQueueAddToRegistry
 .text.vQueueWaitForMessageRestricted
                0x0000000000027c34       0xcc /home/sean/.cache/arduino/sketches/828FCB417685B578D8734FE54D6C0719/../../cores/adafruit_nrf52_feather52832_834d5f6a6bc090e19e7c4385762c2a0a/core.a(queue.c.o)
                0x0000000000027c34                vQueueWaitForMessageRestricted
 .text.prvAddNewTaskToReadyList
                0x0000000000027d00      0x124 /home/sean/.cache/arduino/sketches/828FCB417685B578D8734FE54D6C0719/../../cores/adafruit_nrf52_feather52832_834d5f6a6bc090e19e7c4385762c2a0a/core.a(tasks.c.o)
 .text.xTaskCreateStatic
                0x0000000000027e24       0xe0 /home/sean/.cache/arduino/sketches/828FCB417685B578D8734FE54D6C0719/../../cores/adafruit_nrf52_feather52832_834d5f6a6bc090e19e7c4385762c2a0a/core.a(tasks.c.o)
                0x0000000000027e24                xTaskCreateStatic
 .text.xTaskCreate
                0x0000000000027f04       0xf0 /home/sean/.cache/arduino/sketches/828FCB417685B578D8734FE54D6C0719/../../cores/adafruit_nrf52_feather52832_834d5f6a6bc090e19e7c4385762c2a0a/core.a(tasks.c.o)
                0x0000000000027f04                xTaskCreate
 .text.vTaskStartScheduler
                0x0000000000027ff4       0xcc /home/sean/.cache/arduino/sketches/828FCB417685B578D8734FE54D6C0719/../../cores/adafruit_nrf52_feather52832_834d5f6a6bc090e19e7c4385762c2a0a/core.a(tasks.c.o)
                0x0000000000027ff4                vTaskStartScheduler
 .text.vTaskSuspendAll
                0x00000000000280c0       0x10 /home/sean/.cache/arduino/sketches/828FCB417685B578D8734FE54D6C0719/../../cores/adafruit_nrf52_feather52832_834d5f6a6bc090e19e7c4385762c2a0a/core.a(tasks.c.o)
                0x00000000000280c0                vTaskSuspendAll
 .text.xTaskGetTickCount
                0x00000000000280d0        0xc /home/sean/.cache/arduino/sketches/828FCB417685B578D8734FE54D6C0719/../../cores/adafruit_nrf52_feather52832_834d5f6a6bc090e19e7c4385762c2a0a/core.a(tasks.c.o)
                0x00000000000280d0                xTaskGetTickCount
 .text.vTaskStepTick
                0x00000000000280dc       0x10 /home/sean/.cache/arduino/sketches/828FCB417685B578D8734FE54D6C0719/../../cores/adafruit_nrf52_feather52832_834d5f6a6bc090e19e7c4385762c2a0a/core.a(tasks.c.o)
                0x00000000000280dc                vTaskStepTick
 .text.xTaskIncrementTick
                0x00000000000280ec      0x134 /home/sean/.cache/arduino/sketches/828FCB417685B578D8734FE54D6C0719/../../cores/adafruit_nrf52_feather52832_834d5f6a6bc090e19e7c4385762c2a0a/core.a(tasks.c.o)
                0x00000000000280ec                xTaskIncrementTick
 .text.xTaskResumeAll
                0x0000000000028220      0x120 /home/sean/.cache/arduino/sketches/828FCB417685B578D8734FE54D6C0719/../../cores/adafruit_nrf52_feather52832_834d5f6a6bc090e19e7c4385762c2a0a/core.a(tasks.c.o)
                0x0000000000028220                xTaskResumeAll
 .text.prvIdleTask
                0x0000000000028340      0x118 /home/sean/.cache/arduino/sketches/828FCB417685B578D8734FE54D6C0719/../../cores/adafruit_nrf52_feather52832_834d5f6a6bc090e19e7c4385762c2a0a/core.a(tasks.c.o)
 .text.vTaskSwitchContext
                0x0000000000028458       0xbc /home/sean/.cache/arduino/sketches/828FCB417685B578D8734FE54D6C0719/../../cores/adafruit_nrf52_feather52832_834d5f6a6bc090e19e7c4385762c2a0a/core.a(tasks.c.o)
                0x0000000000028458                vTaskSwitchContext
 .text.vTaskPlaceOnEventList
                0x0000000000028514       0x78 /home/sean/.cache/arduino/sketches/828FCB417685B578D8734FE54D6C0719/../../cores/adafruit_nrf52_feather52832_834d5f6a6bc090e19e7c4385762c2a0a/core.a(tasks.c.o)
                0x0000000000028514                vTaskPlaceOnEventList
 .text.vTaskPlaceOnEventListRestricted
                0x000000000002858c       0x80 /home/sean/.cache/arduino/sketches/828FCB417685B578D8734FE54D6C0719/../../cores/adafruit_nrf52_feather52832_834d5f6a6bc090e19e7c4385762c2a0a/core.a(tasks.c.o)
                0x000000000002858c                vTaskPlaceOnEventListRestricted
 .text.xTaskRemoveFromEventList
                0x000000000002860c       0xa4 /home/sean/.cache/arduino/sketches/828FCB417685B578D8734FE54D6C0719/../../cores/adafruit_nrf52_feather52832_834d5f6a6bc090e19e7c4385762c2a0a/core.a(tasks.c.o)
                0x000000000002860c                xTaskRemoveFromEventList
 .text.vTaskInternalSetTimeOutState
                0x00000000000286b0       0x18 /home/sean/.cache/arduino/sketches/828FCB417685B578D8734FE54D6C0719/../../cores/adafruit_nrf52_feather52832_834d5f6a6bc090e19e7c4385762c2a0a/core.a(tasks.c.o)
                0x00000000000286b0                vTaskInternalSetTimeOutState
 .text.xTaskCheckForTimeOut
                0x00000000000286c8       0x68 /home/sean/.cache/arduino/sketches/828FCB417685B578D8734FE54D6C0719/../../cores/adafruit_nrf52_feather52832_834d5f6a6bc090e19e7c4385762c2a0a/core.a(tasks.c.o)
                0x00000000000286c8                xTaskCheckForTimeOut
 .text.vTaskMissedYield
                0x0000000000028730        0xc /home/sean/.cache/arduino/sketches/828FCB417685B578D8734FE54D6C0719/../../cores/adafruit_nrf52_feather52832_834d5f6a6bc090e19e7c4385762c2a0a/core.a(tasks.c.o)
                0x0000000000028730                vTaskMissedYield
 .text.eTaskConfirmSleepModeStatus
                0x000000000002873c       0x38 /home/sean/.cache/arduino/sketches/828FCB417685B578D8734FE54D6C0719/../../cores/adafruit_nrf52_feather52832_834d5f6a6bc090e19e7c4385762c2a0a/core.a(tasks.c.o)
                0x000000000002873c                eTaskConfirmSleepModeStatus
 .text.xTaskGetSchedulerState
                0x0000000000028774       0x20 /home/sean/.cache/arduino/sketches/828FCB417685B578D8734FE54D6C0719/../../cores/adafruit_nrf52_feather52832_834d5f6a6bc090e19e7c4385762c2a0a/core.a(tasks.c.o)
                0x0000000000028774                xTaskGetSchedulerState
 .text.xTaskPriorityInherit
                0x0000000000028794       0x8c /home/sean/.cache/arduino/sketches/828FCB417685B578D8734FE54D6C0719/../../cores/adafruit_nrf52_feather52832_834d5f6a6bc090e19e7c4385762c2a0a/core.a(tasks.c.o)
                0x0000000000028794                xTaskPriorityInherit
 .text.xTaskPriorityDisinherit
                0x0000000000028820       0x60 /home/sean/.cache/arduino/sketches/828FCB417685B578D8734FE54D6C0719/../../cores/adafruit_nrf52_feather52832_834d5f6a6bc090e19e7c4385762c2a0a/core.a(tasks.c.o)
                0x0000000000028820                xTaskPriorityDisinherit
 .text.vTaskPriorityDisinheritAfterTimeout
                0x0000000000028880       0x74 /home/sean/.cache/arduino/sketches/828FCB417685B578D8734FE54D6C0719/../../cores/adafruit_nrf52_feather52832_834d5f6a6bc090e19e7c4385762c2a0a/core.a(tasks.c.o)
                0x0000000000028880                vTaskPriorityDisinheritAfterTimeout
 .text.pvTaskIncrementMutexHeldCount
                0x00000000000288f4       0x18 /home/sean/.cache/arduino/sketches/828FCB417685B578D8734FE54D6C0719/../../cores/adafruit_nrf52_feather52832_834d5f6a6bc090e19e7c4385762c2a0a/core.a(tasks.c.o)
                0x00000000000288f4                pvTaskIncrementMutexHeldCount
 .text.prvSwitchTimerLists
                0x000000000002890c       0x88 /home/sean/.cache/arduino/sketches/828FCB417685B578D8734FE54D6C0719/../../cores/adafruit_nrf52_feather52832_834d5f6a6bc090e19e7c4385762c2a0a/core.a(timers.c.o)
 .text.prvTimerTask
                0x0000000000028994      0x240 /home/sean/.cache/arduino/sketches/828FCB417685B578D8734FE54D6C0719/../../cores/adafruit_nrf52_feather52832_834d5f6a6bc090e19e7c4385762c2a0a/core.a(timers.c.o)
 .text.xTimerCreateTimerTask
                0x0000000000028bd4       0xac /home/sean/.cache/arduino/sketches/828FCB417685B578D8734FE54D6C0719/../../cores/adafruit_nrf52_feather52832_834d5f6a6bc090e19e7c4385762c2a0a/core.a(timers.c.o)
                0x0000000000028bd4                xTimerCreateTimerTask
 .text.prvTaskExitError
                0x0000000000028c80        0x8 /home/sean/.cache/arduino/sketches/828FCB417685B578D8734FE54D6C0719/../../cores/adafruit_nrf52_feather52832_834d5f6a6bc090e19e7c4385762c2a0a/core.a(port_cmsis.c.o)
 .text.pxPortInitialiseStack
                0x0000000000028c88       0x2c /home/sean/.cache/arduino/sketches/828FCB417685B578D8734FE54D6C0719/../../cores/adafruit_nrf52_feather52832_834d5f6a6bc090e19e7c4385762c2a0a/core.a(port_cmsis.c.o)
                0x0000000000028c88                pxPortInitialiseStack
 .text.xPortStartScheduler
                0x0000000000028cb4       0x4c /home/sean/.cache/arduino/sketches/828FCB417685B578D8734FE54D6C0719/../../cores/adafruit_nrf52_feather52832_834d5f6a6bc090e19e7c4385762c2a0a/core.a(port_cmsis.c.o)
                0x0000000000028cb4                xPortStartScheduler
 .text.vPortEnterCritical
                0x0000000000028d00       0x14 /home/sean/.cache/arduino/sketches/828FCB417685B578D8734FE54D6C0719/../../cores/adafruit_nrf52_feather52832_834d5f6a6bc090e19e7c4385762c2a0a/core.a(port_cmsis.c.o)
                0x0000000000028d00                vPortEnterCritical
 .text.vPortExitCritical
                0x0000000000028d14       0x14 /home/sean/.cache/arduino/sketches/828FCB417685B578D8734FE54D6C0719/../../cores/adafruit_nrf52_feather52832_834d5f6a6bc090e19e7c4385762c2a0a/core.a(port_cmsis.c.o)
                0x0000000000028d14                vPortExitCritical
 .text.sd_app_evt_wait
                0x0000000000028d28        0x4 /home/sean/.cache/arduino/sketches/828FCB417685B578D8734FE54D6C0719/../../cores/adafruit_nrf52_feather52832_834d5f6a6bc090e19e7c4385762c2a0a/core.a(port_cmsis_systick.c.o)
 .text.sd_softdevice_is_enabled
                0x0000000000028d2c        0x4 /home/sean/.cache/arduino/sketches/828FCB417685B578D8734FE54D6C0719/../../cores/adafruit_nrf52_feather52832_834d5f6a6bc090e19e7c4385762c2a0a/core.a(port_cmsis_systick.c.o)
 .text.RTC1_IRQHandler
                0x0000000000028d30       0x88 /home/sean/.cache/arduino/sketches/828FCB417685B578D8734FE54D6C0719/../../cores/adafruit_nrf52_feather52832_834d5f6a6bc090e19e7c4385762c2a0a/core.a(port_cmsis_systick.c.o)
                0x0000000000028d30                RTC1_IRQHandler
 .text.vPortSetupTimerInterrupt
                0x0000000000028db8       0x3c /home/sean/.cache/arduino/sketches/828FCB417685B578D8734FE54D6C0719/../../cores/adafruit_nrf52_feather52832_834d5f6a6bc090e19e7c4385762c2a0a/core.a(port_cmsis_systick.c.o)
                0x0000000000028db8                vPortSetupTimerInterrupt
 .text.vPortSuppressTicksAndSleep
                0x0000000000028df4      0x1c0 /home/sean/.cache/arduino/sketches/828FCB417685B578D8734FE54D6C0719/../../cores/adafruit_nrf52_feather52832_834d5f6a6bc090e19e7c4385762c2a0a/core.a(port_cmsis_systick.c.o)
                0x0000000000028df4                vPortSuppressTicksAndSleep
 .text.vPortStartFirstTask
                0x0000000000028fb4       0x24 /home/sean/.cache/arduino/sketches/828FCB417685B578D8734FE54D6C0719/../../cores/adafruit_nrf52_feather52832_834d5f6a6bc090e19e7c4385762c2a0a/core.a(port.c.o)
                0x0000000000028fb4                vPortStartFirstTask
 .text.SVC_Handler
                0x0000000000028fd8       0x20 /home/sean/.cache/arduino/sketches/828FCB417685B578D8734FE54D6C0719/../../cores/adafruit_nrf52_feather52832_834d5f6a6bc090e19e7c4385762c2a0a/core.a(port.c.o)
                0x0000000000028fd8                SVC_Handler
 .text.PendSV_Handler
                0x0000000000028ff8       0x60 /home/sean/.cache/arduino/sketches/828FCB417685B578D8734FE54D6C0719/../../cores/adafruit_nrf52_feather52832_834d5f6a6bc090e19e7c4385762c2a0a/core.a(port.c.o)
                0x0000000000028ff8                PendSV_Handler
 .text.__empty  0x0000000000029058        0x4 /home/sean/.cache/arduino/sketches/828FCB417685B578D8734FE54D6C0719/../../cores/adafruit_nrf52_feather52832_834d5f6a6bc090e19e7c4385762c2a0a/core.a(hooks.c.o)
                0x0000000000029058                vApplicationIdleHook
 .text._ZN10RingBufferC2Ev
                0x000000000002905c       0x18 /home/sean/.cache/arduino/sketches/828FCB417685B578D8734FE54D6C0719/../../cores/adafruit_nrf52_feather52832_834d5f6a6bc090e19e7c4385762c2a0a/core.a(RingBuffer.cpp.o)
                0x000000000002905c                RingBuffer::RingBuffer()
                0x000000000002905c                RingBuffer::RingBuffer()
 .text._ZN10RingBuffer10store_charEh
                0x0000000000029074       0x1c /home/sean/.cache/arduino/sketches/828FCB417685B578D8734FE54D6C0719/../../cores/adafruit_nrf52_feather52832_834d5f6a6bc090e19e7c4385762c2a0a/core.a(RingBuffer.cpp.o)
                0x0000000000029074                RingBuffer::store_char(unsigned char)
 .text._ZN10RingBuffer5clearEv
                0x0000000000029090        0x8 /home/sean/.cache/arduino/sketches/828FCB417685B578D8734FE54D6C0719/../../cores/adafruit_nrf52_feather52832_834d5f6a6bc090e19e7c4385762c2a0a/core.a(RingBuffer.cpp.o)
                0x0000000000029090                RingBuffer::clear()
 .text._ZN10RingBuffer9read_charEv
                0x0000000000029098       0x1c /home/sean/.cache/arduino/sketches/828FCB417685B578D8734FE54D6C0719/../../cores/adafruit_nrf52_feather52832_834d5f6a6bc090e19e7c4385762c2a0a/core.a(RingBuffer.cpp.o)
                0x0000000000029098                RingBuffer::read_char()
 .text._ZN10RingBuffer9availableEv
                0x00000000000290b4        0xc /home/sean/.cache/arduino/sketches/828FCB417685B578D8734FE54D6C0719/../../cores/adafruit_nrf52_feather52832_834d5f6a6bc090e19e7c4385762c2a0a/core.a(RingBuffer.cpp.o)
                0x00000000000290b4                RingBuffer::available()
 .text._ZN10RingBuffer4peekEv
                0x00000000000290c0       0x10 /home/sean/.cache/arduino/sketches/828FCB417685B578D8734FE54D6C0719/../../cores/adafruit_nrf52_feather52832_834d5f6a6bc090e19e7c4385762c2a0a/core.a(RingBuffer.cpp.o)
                0x00000000000290c0                RingBuffer::peek()
 .text.vListInitialise
                0x00000000000290d0       0x18 /home/sean/.cache/arduino/sketches/828FCB417685B578D8734FE54D6C0719/../../cores/adafruit_nrf52_feather52832_834d5f6a6bc090e19e7c4385762c2a0a/core.a(list.c.o)
                0x00000000000290d0                vListInitialise
 .text.vListInitialiseItem
                0x00000000000290e8        0x8 /home/sean/.cache/arduino/sketches/828FCB417685B578D8734FE54D6C0719/../../cores/adafruit_nrf52_feather52832_834d5f6a6bc090e19e7c4385762c2a0a/core.a(list.c.o)
                0x00000000000290e8                vListInitialiseItem
 .text.vListInsertEnd
                0x00000000000290f0       0x20 /home/sean/.cache/arduino/sketches/828FCB417685B578D8734FE54D6C0719/../../cores/adafruit_nrf52_feather52832_834d5f6a6bc090e19e7c4385762c2a0a/core.a(list.c.o)
                0x00000000000290f0                vListInsertEnd
 .text.vListInsert
                0x0000000000029110       0x30 /home/sean/.cache/arduino/sketches/828FCB417685B578D8734FE54D6C0719/../../cores/adafruit_nrf52_feather52832_834d5f6a6bc090e19e7c4385762c2a0a/core.a(list.c.o)
                0x0000000000029110                vListInsert
 .text.uxListRemove
                0x0000000000029140       0x28 /home/sean/.cache/arduino/sketches/828FCB417685B578D8734FE54D6C0719/../../cores/adafruit_nrf52_feather52832_834d5f6a6bc090e19e7c4385762c2a0a/core.a(list.c.o)
                0x0000000000029140                uxListRemove
 .text.exit     0x0000000000029168       0x20 /home/sean/.arduino15/packages/adafruit/tools/arm-none-eabi-gcc/9-2019q4/bin/../lib/gcc/arm-none-eabi/9.2.1/../../../../arm-none-eabi/lib/thumb/v7e-m+fp/hard/libc.a(lib_a-exit.o)
                0x0000000000029168                exit
 .text.__libc_init_array
                0x0000000000029188       0x48 /home/sean/.arduino15/packages/adafruit/tools/arm-none-eabi-gcc/9-2019q4/bin/../lib/gcc/arm-none-eabi/9.2.1/../../../../arm-none-eabi/lib/thumb/v7e-m+fp/hard/libc.a(lib_a-init.o)
                0x0000000000029188                __libc_init_array
 .text.malloc   0x00000000000291d0       0x10 /home/sean/.arduino15/packages/adafruit/tools/arm-none-eabi-gcc/9-2019q4/bin/../lib/gcc/arm-none-eabi/9.2.1/../../../../arm-none-eabi/lib/thumb/v7e-m+fp/hard/libc.a(lib_a-malloc.o)
                0x00000000000291d0                malloc
 .text.free     0x00000000000291e0       0x10 /home/sean/.arduino15/packages/adafruit/tools/arm-none-eabi-gcc/9-2019q4/bin/../lib/gcc/arm-none-eabi/9.2.1/../../../../arm-none-eabi/lib/thumb/v7e-m+fp/hard/libc.a(lib_a-malloc.o)
                0x00000000000291e0                free
 .text._malloc_r
                0x00000000000291f0      0x574 /home/sean/.arduino15/packages/adafruit/tools/arm-none-eabi-gcc/9-2019q4/bin/../lib/gcc/arm-none-eabi/9.2.1/../../../../arm-none-eabi/lib/thumb/v7e-m+fp/hard/libc.a(lib_a-mallocr.o)
                0x00000000000291f0                _malloc_r
 .text          0x0000000000029764      0x134 /home/sean/.arduino15/packages/adafruit/tools/arm-none-eabi-gcc/9-2019q4/bin/../lib/gcc/arm-none-eabi/9.2.1/../../../../arm-none-eabi/lib/thumb/v7e-m+fp/hard/libc.a(lib_a-memcpy.o)
                0x0000000000029764                memcpy
 .text.memset   0x0000000000029898       0xa0 /home/sean/.arduino15/packages/adafruit/tools/arm-none-eabi-gcc/9-2019q4/bin/../lib/gcc/arm-none-eabi/9.2.1/../../../../arm-none-eabi/lib/thumb/v7e-m+fp/hard/libc.a(lib_a-memset.o)
                0x0000000000029898                memset
 .text.__malloc_lock
                0x0000000000029938        0xc /home/sean/.arduino15/packages/adafruit/tools/arm-none-eabi-gcc/9-2019q4/bin/../lib/gcc/arm-none-eabi/9.2.1/../../../../arm-none-eabi/lib/thumb/v7e-m+fp/hard/libc.a(lib_a-mlock.o)
                0x0000000000029938                __malloc_lock
 .text.__malloc_unlock
                0x0000000000029944        0xc /home/sean/.arduino15/packages/adafruit/tools/arm-none-eabi-gcc/9-2019q4/bin/../lib/gcc/arm-none-eabi/9.2.1/../../../../arm-none-eabi/lib/thumb/v7e-m+fp/hard/libc.a(lib_a-mlock.o)
                0x0000000000029944                __malloc_unlock
 .text._sbrk_r  0x0000000000029950       0x24 /home/sean/.arduino15/packages/adafruit/tools/arm-none-eabi-gcc/9-2019q4/bin/../lib/gcc/arm-none-eabi/9.2.1/../../../../arm-none-eabi/lib/thumb/v7e-m+fp/hard/libc.a(lib_a-sbrkr.o)
                0x0000000000029950                _sbrk_r
 .text.startup.register_fini
                0x0000000000029974       0x14 /home/sean/.arduino15/packages/adafruit/tools/arm-none-eabi-gcc/9-2019q4/bin/../lib/gcc/arm-none-eabi/9.2.1/../../../../arm-none-eabi/lib/thumb/v7e-m+fp/hard/libc.a(lib_a-__call_atexit.o)
 .text.__call_exitprocs
                0x0000000000029988       0xcc /home/sean/.arduino15/packages/adafruit/tools/arm-none-eabi-gcc/9-2019q4/bin/../lib/gcc/arm-none-eabi/9.2.1/../../../../arm-none-eabi/lib/thumb/v7e-m+fp/hard/libc.a(lib_a-__call_atexit.o)
                0x0000000000029988                __call_exitprocs
 .text.atexit   0x0000000000029a54        0xc /home/sean/.arduino15/packages/adafruit/tools/arm-none-eabi-gcc/9-2019q4/bin/../lib/gcc/arm-none-eabi/9.2.1/../../../../arm-none-eabi/lib/thumb/v7e-m+fp/hard/libc.a(lib_a-atexit.o)
                0x0000000000029a54                atexit
 .text.__libc_fini_array
                0x0000000000029a60       0x2c /home/sean/.arduino15/packages/adafruit/tools/arm-none-eabi-gcc/9-2019q4/bin/../lib/gcc/arm-none-eabi/9.2.1/../../../../arm-none-eabi/lib/thumb/v7e-m+fp/hard/libc.a(lib_a-fini.o)
                0x0000000000029a60                __libc_fini_array
 .text._malloc_trim_r
                0x0000000000029a8c       0xa0 /home/sean/.arduino15/packages/adafruit/tools/arm-none-eabi-gcc/9-2019q4/bin/../lib/gcc/arm-none-eabi/9.2.1/../../../../arm-none-eabi/lib/thumb/v7e-m+fp/hard/libc.a(lib_a-freer.o)
                0x0000000000029a8c                _malloc_trim_r
 .text._free_r  0x0000000000029b2c      0x208 /home/sean/.arduino15/packages/adafruit/tools/arm-none-eabi-gcc/9-2019q4/bin/../lib/gcc/arm-none-eabi/9.2.1/../../../../arm-none-eabi/lib/thumb/v7e-m+fp/hard/libc.a(lib_a-freer.o)
                0x0000000000029b2c                _free_r
 .text.__retarget_lock_acquire_recursive
                0x0000000000029d34        0x4 /home/sean/.arduino15/packages/adafruit/tools/arm-none-eabi-gcc/9-2019q4/bin/../lib/gcc/arm-none-eabi/9.2.1/../../../../arm-none-eabi/lib/thumb/v7e-m+fp/hard/libc.a(lib_a-lock.o)
                0x0000000000029d34                __retarget_lock_acquire_recursive
 .text.__retarget_lock_release_recursive
                0x0000000000029d38        0x4 /home/sean/.arduino15/packages/adafruit/tools/arm-none-eabi-gcc/9-2019q4/bin/../lib/gcc/arm-none-eabi/9.2.1/../../../../arm-none-eabi/lib/thumb/v7e-m+fp/hard/libc.a(lib_a-lock.o)
                0x0000000000029d38                __retarget_lock_release_recursive
 .text.__register_exitproc
                0x0000000000029d3c       0x8c /home/sean/.arduino15/packages/adafruit/tools/arm-none-eabi-gcc/9-2019q4/bin/../lib/gcc/arm-none-eabi/9.2.1/../../../../arm-none-eabi/lib/thumb/v7e-m+fp/hard/libc.a(lib_a-__atexit.o)
                0x0000000000029d3c                __register_exitproc
 .text._sbrk    0x0000000000029dc8       0x1c /home/sean/.arduino15/packages/adafruit/tools/arm-none-eabi-gcc/9-2019q4/bin/../lib/gcc/arm-none-eabi/9.2.1/../../../../arm-none-eabi/lib/thumb/v7e-m+fp/hard/libnosys.a(sbrk.o)
                0x0000000000029dc8                _sbrk
 .text._exit    0x0000000000029de4        0x4 /home/sean/.arduino15/packages/adafruit/tools/arm-none-eabi-gcc/9-2019q4/bin/../lib/gcc/arm-none-eabi/9.2.1/../../../../arm-none-eabi/lib/thumb/v7e-m+fp/hard/libnosys.a(_exit.o)
                0x0000000000029de4                _exit
 *(.init)
 .init          0x0000000000029de8        0x4 /home/sean/.arduino15/packages/adafruit/tools/arm-none-eabi-gcc/9-2019q4/bin/../lib/gcc/arm-none-eabi/9.2.1/thumb/v7e-m+fp/hard/crti.o
                0x0000000000029de8                _init
 .init          0x0000000000029dec        0x8 /home/sean/.arduino15/packages/adafruit/tools/arm-none-eabi-gcc/9-2019q4/bin/../lib/gcc/arm-none-eabi/9.2.1/thumb/v7e-m+fp/hard/crtn.o
 *(.fini)
 .fini          0x0000000000029df4        0x4 /home/sean/.arduino15/packages/adafruit/tools/arm-none-eabi-gcc/9-2019q4/bin/../lib/gcc/arm-none-eabi/9.2.1/thumb/v7e-m+fp/hard/crti.o
                0x0000000000029df4                _fini
 .fini          0x0000000000029df8        0x8 /home/sean/.arduino15/packages/adafruit/tools/arm-none-eabi-gcc/9-2019q4/bin/../lib/gcc/arm-none-eabi/9.2.1/thumb/v7e-m+fp/hard/crtn.o
 *crtbegin.o(.ctors)
 *crtbegin?.o(.ctors)
 *(EXCLUDE_FILE(*crtend.o *crtend?.o) .ctors)
 *(SORT_BY_NAME(.ctors.*))
 *(.ctors)
 *crtbegin.o(.dtors)
 *crtbegin?.o(.dtors)
 *(EXCLUDE_FILE(*crtend.o *crtend?.o) .dtors)
 *(SORT_BY_NAME(.dtors.*))
 *(.dtors)
 *(.rodata*)
 .rodata.g_ADigitalPinMap
                0x0000000000029e00       0x80 /home/sean/.cache/arduino/sketches/828FCB417685B578D8734FE54D6C0719/core/variant.cpp.o
                0x0000000000029e00                g_ADigitalPinMap
 .rodata.main.str1.4
                0x0000000000029e80        0x5 /home/sean/.cache/arduino/sketches/828FCB417685B578D8734FE54D6C0719/../../cores/adafruit_nrf52_feather52832_834d5f6a6bc090e19e7c4385762c2a0a/core.a(main.cpp.o)
 *fill*         0x0000000000029e85        0x3 
 .rodata.CSWTCH.14
                0x0000000000029e88        0x4 /home/sean/.cache/arduino/sketches/828FCB417685B578D8734FE54D6C0719/../../cores/adafruit_nrf52_feather52832_834d5f6a6bc090e19e7c4385762c2a0a/core.a(system_nrf52.c.o)
 .rodata.CSWTCH.18
                0x0000000000029e8c        0x4 /home/sean/.cache/arduino/sketches/828FCB417685B578D8734FE54D6C0719/../../cores/adafruit_nrf52_feather52832_834d5f6a6bc090e19e7c4385762c2a0a/core.a(system_nrf52.c.o)
 .rodata.CSWTCH.4
                0x0000000000029e90        0x4 /home/sean/.cache/arduino/sketches/828FCB417685B578D8734FE54D6C0719/../../cores/adafruit_nrf52_feather52832_834d5f6a6bc090e19e7c4385762c2a0a/core.a(system_nrf52.c.o)
 .rodata.ada_callback_init.str1.4
                0x0000000000029e94        0x9 /home/sean/.cache/arduino/sketches/828FCB417685B578D8734FE54D6C0719/../../cores/adafruit_nrf52_feather52832_834d5f6a6bc090e19e7c4385762c2a0a/core.a(AdaCallback.c.o)
 *fill*         0x0000000000029e9d        0x3 
 .rodata._ZTV4Uart
                0x0000000000029ea0       0x34 /home/sean/.cache/arduino/sketches/828FCB417685B578D8734FE54D6C0719/../../cores/adafruit_nrf52_feather52832_834d5f6a6bc090e19e7c4385762c2a0a/core.a(Uart.cpp.o)
                0x0000000000029ea0                vtable for Uart
 .rodata.xTimerCreateTimerTask.str1.4
                0x0000000000029ed4       0x10 /home/sean/.cache/arduino/sketches/828FCB417685B578D8734FE54D6C0719/../../cores/adafruit_nrf52_feather52832_834d5f6a6bc090e19e7c4385762c2a0a/core.a(timers.c.o)
 .rodata._global_impure_ptr
                0x0000000000029ee4        0x4 /home/sean/.arduino15/packages/adafruit/tools/arm-none-eabi-gcc/9-2019q4/bin/../lib/gcc/arm-none-eabi/9.2.1/../../../../arm-none-eabi/lib/thumb/v7e-m+fp/hard/libc.a(lib_a-impure.o)
                0x0000000000029ee4                _global_impure_ptr
 *(.eh_frame*)
 .eh_frame      0x0000000000029ee8        0x0 /home/sean/.arduino15/packages/adafruit/tools/arm-none-eabi-gcc/9-2019q4/bin/../lib/gcc/arm-none-eabi/9.2.1/thumb/v7e-m+fp/hard/crtbegin.o
 .eh_frame      0x0000000000029ee8        0x4 /home/sean/.arduino15/packages/adafruit/tools/arm-none-eabi-gcc/9-2019q4/bin/../lib/gcc/arm-none-eabi/9.2.1/thumb/v7e-m+fp/hard/crtend.o

.glue_7         0x0000000000029eec        0x0
 .glue_7        0x0000000000029eec        0x0 linker stubs

.glue_7t        0x0000000000029eec        0x0
 .glue_7t       0x0000000000029eec        0x0 linker stubs

.vfp11_veneer   0x0000000000029eec        0x0
 .vfp11_veneer  0x0000000000029eec        0x0 linker stubs

.v4_bx          0x0000000000029eec        0x0
 .v4_bx         0x0000000000029eec        0x0 linker stubs

.iplt           0x0000000000029eec        0x0
 .iplt          0x0000000000029eec        0x0 /home/sean/.arduino15/packages/adafruit/tools/arm-none-eabi-gcc/9-2019q4/bin/../lib/gcc/arm-none-eabi/9.2.1/thumb/v7e-m+fp/hard/crtfastmath.o

.ARM.extab
 *(.ARM.extab* .gnu.linkonce.armextab.*)
                0x0000000000029eec                __exidx_start = .

.ARM.exidx      0x0000000000029eec        0x8
 *(.ARM.exidx* .gnu.linkonce.armexidx.*)
 .ARM.exidx     0x0000000000029eec        0x8 /home/sean/.arduino15/packages/adafruit/tools/arm-none-eabi-gcc/9-2019q4/bin/../lib/gcc/arm-none-eabi/9.2.1/../../../../arm-none-eabi/lib/thumb/v7e-m+fp/hard/crt0.o
                0x0000000000029ef4                __exidx_end = .
                0x0000000000029ef4                __etext = .

.rel.dyn        0x0000000000029ef4        0x0
 .rel.iplt      0x0000000000029ef4        0x0 /home/sean/.arduino15/packages/adafruit/tools/arm-none-eabi-gcc/9-2019q4/bin/../lib/gcc/arm-none-eabi/9.2.1/thumb/v7e-m+fp/hard/crtfastmath.o

.data           0x0000000020003600      0x858 load address 0x0000000000029ef4
                0x0000000020003600                __data_start__ = .
 *(vtable)
 *(.data*)
 .data.SystemCoreClock
                0x0000000020003600        0x4 /home/sean/.cache/arduino/sketches/828FCB417685B578D8734FE54D6C0719/../../cores/adafruit_nrf52_feather52832_834d5f6a6bc090e19e7c4385762c2a0a/core.a(system_nrf52.c.o)
                0x0000000020003600                SystemCoreClock
 .data._impure_ptr
                0x0000000020003604        0x4 /home/sean/.arduino15/packages/adafruit/tools/arm-none-eabi-gcc/9-2019q4/bin/../lib/gcc/arm-none-eabi/9.2.1/../../../../arm-none-eabi/lib/thumb/v7e-m+fp/hard/libc.a(lib_a-impure.o)
                0x0000000020003604                _impure_ptr
 .data.impure_data
                0x0000000020003608      0x428 /home/sean/.arduino15/packages/adafruit/tools/arm-none-eabi-gcc/9-2019q4/bin/../lib/gcc/arm-none-eabi/9.2.1/../../../../arm-none-eabi/lib/thumb/v7e-m+fp/hard/libc.a(lib_a-impure.o)
 .data.__malloc_av_
                0x0000000020003a30      0x408 /home/sean/.arduino15/packages/adafruit/tools/arm-none-eabi-gcc/9-2019q4/bin/../lib/gcc/arm-none-eabi/9.2.1/../../../../arm-none-eabi/lib/thumb/v7e-m+fp/hard/libc.a(lib_a-mallocr.o)
                0x0000000020003a30                __malloc_av_
 .data.__malloc_sbrk_base
                0x0000000020003e38        0x4 /home/sean/.arduino15/packages/adafruit/tools/arm-none-eabi-gcc/9-2019q4/bin/../lib/gcc/arm-none-eabi/9.2.1/../../../../arm-none-eabi/lib/thumb/v7e-m+fp/hard/libc.a(lib_a-mallocr.o)
                0x0000000020003e38                __malloc_sbrk_base
 .data.__malloc_trim_threshold
                0x0000000020003e3c        0x4 /home/sean/.arduino15/packages/adafruit/tools/arm-none-eabi-gcc/9-2019q4/bin/../lib/gcc/arm-none-eabi/9.2.1/../../../../arm-none-eabi/lib/thumb/v7e-m+fp/hard/libc.a(lib_a-mallocr.o)
                0x0000000020003e3c                __malloc_trim_threshold
 .data.__atexit_recursive_mutex
                0x0000000020003e40        0x4 /home/sean/.arduino15/packages/adafruit/tools/arm-none-eabi-gcc/9-2019q4/bin/../lib/gcc/arm-none-eabi/9.2.1/../../../../arm-none-eabi/lib/thumb/v7e-m+fp/hard/libc.a(lib_a-__call_atexit.o)
                0x0000000020003e40                __atexit_recursive_mutex
                0x0000000020003e44                . = ALIGN (0x4)
                0x0000000020003e44                PROVIDE (__preinit_array_start = .)
 *(.preinit_array)
                0x0000000020003e44                PROVIDE (__preinit_array_end = .)
                0x0000000020003e44                . = ALIGN (0x4)
                0x0000000020003e44                PROVIDE (__init_array_start = .)
 *(SORT_BY_NAME(.init_array.*))
 .init_array.00000
                0x0000000020003e44        0x4 /home/sean/.arduino15/packages/adafruit/tools/arm-none-eabi-gcc/9-2019q4/bin/../lib/gcc/arm-none-eabi/9.2.1/../../../../arm-none-eabi/lib/thumb/v7e-m+fp/hard/libc.a(lib_a-__call_atexit.o)
 *(.init_array)
 .init_array    0x0000000020003e48        0x4 /home/sean/.arduino15/packages/adafruit/tools/arm-none-eabi-gcc/9-2019q4/bin/../lib/gcc/arm-none-eabi/9.2.1/thumb/v7e-m+fp/hard/crtfastmath.o
 .init_array    0x0000000020003e4c        0x4 /home/sean/.arduino15/packages/adafruit/tools/arm-none-eabi-gcc/9-2019q4/bin/../lib/gcc/arm-none-eabi/9.2.1/thumb/v7e-m+fp/hard/crtbegin.o
 .init_array    0x0000000020003e50        0x4 /home/sean/.cache/arduino/sketches/828FCB417685B578D8734FE54D6C0719/../../cores/adafruit_nrf52_feather52832_834d5f6a6bc090e19e7c4385762c2a0a/core.a(Uart.cpp.o)
                0x0000000020003e54                PROVIDE (__init_array_end = .)
                0x0000000020003e54                . = ALIGN (0x4)
                0x0000000020003e54                PROVIDE (__fini_array_start = .)
 *(SORT_BY_NAME(.fini_array.*))
 *(.fini_array)
 .fini_array    0x0000000020003e54        0x4 /home/sean/.arduino15/packages/adafruit/tools/arm-none-eabi-gcc/9-2019q4/bin/../lib/gcc/arm-none-eabi/9.2.1/thumb/v7e-m+fp/hard/crtbegin.o
                0x0000000020003e58                PROVIDE (__fini_array_end = .)
 *(.jcr*)
                0x0000000020003e58                . = ALIGN (0x4)
                0x0000000020003e58                __data_end__ = .
LOAD /home/sean/.arduino15/packages/adafruit/tools/arm-none-eabi-gcc/9-2019q4/bin/../lib/gcc/arm-none-eabi/9.2.1/thumb/v7e-m+fp/hard/crtfastmath.o
LOAD /home/sean/.arduino15/packages/adafruit/tools/arm-none-eabi-gcc/9-2019q4/bin/../lib/gcc/arm-none-eabi/9.2.1/thumb/v7e-m+fp/hard/crti.o
LOAD /home/sean/.arduino15/packages/adafruit/tools/arm-none-eabi-gcc/9-2019q4/bin/../lib/gcc/arm-none-eabi/9.2.1/thumb/v7e-m+fp/hard/crtbegin.o
LOAD /home/sean/.arduino15/packages/adafruit/tools/arm-none-eabi-gcc/9-2019q4/bin/../lib/gcc/arm-none-eabi/9.2.1/../../../../arm-none-eabi/lib/thumb/v7e-m+fp/hard/crt0.o
LOAD /home/sean/.cache/arduino/sketches/828FCB417685B578D8734FE54D6C0719/sketch/keyswitch.c.o
LOAD /home/sean/.cache/arduino/sketches/828FCB417685B578D8734FE54D6C0719/sketch/led.c.o
LOAD /home/sean/.cache/arduino/sketches/828FCB417685B578D8734FE54D6C0719/sketch/macro-blues.ino.cpp.o
LOAD /home/sean/.cache/arduino/sketches/828FCB417685B578D8734FE54D6C0719/core/variant.cpp.o
START GROUP
LOAD /home/sean/.arduino15/packages/adafruit/tools/CMSIS/5.7.0/CMSIS/DSP/Lib/GCC//libarm_cortexM4lf_math.a
LOAD /home/sean/.arduino15/packages/adafruit/tools/arm-none-eabi-gcc/9-2019q4/bin/../lib/gcc/arm-none-eabi/9.2.1/../../../../arm-none-eabi/lib/thumb/v7e-m+fp/hard/libm.a
LOAD /home/sean/.cache/arduino/sketches/828FCB417685B578D8734FE54D6C0719/../../cores/adafruit_nrf52_feather52832_834d5f6a6bc090e19e7c4385762c2a0a/core.a
END GROUP
START GROUP
LOAD /home/sean/.arduino15/packages/adafruit/tools/arm-none-eabi-gcc/9-2019q4/bin/../lib/gcc/arm-none-eabi/9.2.1/thumb/v7e-m+fp/hard/libgcc.a
LOAD /home/sean/.arduino15/packages/adafruit/tools/arm-none-eabi-gcc/9-2019q4/bin/../lib/gcc/arm-none-eabi/9.2.1/../../../../arm-none-eabi/lib/thumb/v7e-m+fp/hard/libc.a
END GROUP
START GROUP
LOAD /home/sean/.arduino15/packages/adafruit/tools/arm-none-eabi-gcc/9-2019q4/bin/../lib/gcc/arm-none-eabi/9.2.1/thumb/v7e-m+fp/hard/libgcc.a
LOAD /home/sean/.arduino15/packages/adafruit/tools/arm-none-eabi-gcc/9-2019q4/bin/../lib/gcc/arm-none-eabi/9.2.1/../../../../arm-none-eabi/lib/thumb/v7e-m+fp/hard/libc.a
LOAD /home/sean/.arduino15/packages/adafruit/tools/arm-none-eabi-gcc/9-2019q4/bin/../lib/gcc/arm-none-eabi/9.2.1/../../../../arm-none-eabi/lib/thumb/v7e-m+fp/hard/libnosys.a
END GROUP
LOAD /home/sean/.arduino15/packages/adafruit/tools/arm-none-eabi-gcc/9-2019q4/bin/../lib/gcc/arm-none-eabi/9.2.1/thumb/v7e-m+fp/hard/crtend.o
LOAD /home/sean/.arduino15/packages/adafruit/tools/arm-none-eabi-gcc/9-2019q4/bin/../lib/gcc/arm-none-eabi/9.2.1/thumb/v7e-m+fp/hard/crtn.o
START GROUP
LOAD /home/sean/.arduino15/packages/adafruit/tools/arm-none-eabi-gcc/9-2019q4/bin/../lib/gcc/arm-none-eabi/9.2.1/thumb/v7e-m+fp/hard/libgcc.a
LOAD /home/sean/.arduino15/packages/adafruit/tools/arm-none-eabi-gcc/9-2019q4/bin/../lib/gcc/arm-none-eabi/9.2.1/../../../../arm-none-eabi/lib/thumb/v7e-m+fp/hard/libc.a
LOAD /home/sean/.arduino15/packages/adafruit/tools/arm-none-eabi-gcc/9-2019q4/bin/../lib/gcc/arm-none-eabi/9.2.1/../../../../arm-none-eabi/lib/thumb/v7e-m+fp/hard/libnosys.a
END GROUP

.igot.plt       0x0000000020003e58        0x0 load address 0x000000000002a74c
 .igot.plt      0x0000000020003e58        0x0 /home/sean/.arduino15/packages/adafruit/tools/arm-none-eabi-gcc/9-2019q4/bin/../lib/gcc/arm-none-eabi/9.2.1/thumb/v7e-m+fp/hard/crtfastmath.o
                0x0000000020003e58                . = ALIGN (0x4)

.svc_data       0x0000000020003e58        0x0
                [!provide]                        PROVIDE (__start_svc_data = .)
 *(.svc_data)
                [!provide]                        PROVIDE (__stop_svc_data = .)

.fs_data        0x0000000020003e58        0x0
                [!provide]                        PROVIDE (__start_fs_data = .)
 *(.fs_data)
                [!provide]                        PROVIDE (__stop_fs_data = .)

.bss            0x0000000020003e58      0xb24 load address 0x000000000002a74c
                0x0000000020003e58                . = ALIGN (0x4)
                0x0000000020003e58                __bss_start__ = .
 *(.bss*)
 .bss           0x0000000020003e58       0x1c /home/sean/.arduino15/packages/adafruit/tools/arm-none-eabi-gcc/9-2019q4/bin/../lib/gcc/arm-none-eabi/9.2.1/thumb/v7e-m+fp/hard/crtbegin.o
 .bss._ZL11_loopHandle
                0x0000000020003e74        0x4 /home/sean/.cache/arduino/sketches/828FCB417685B578D8734FE54D6C0719/../../cores/adafruit_nrf52_feather52832_834d5f6a6bc090e19e7c4385762c2a0a/core.a(main.cpp.o)
 .bss._ZZ29vApplicationGetIdleTaskMemoryE12xIdleTaskTCB
                0x0000000020003e78       0x54 /home/sean/.cache/arduino/sketches/828FCB417685B578D8734FE54D6C0719/../../cores/adafruit_nrf52_feather52832_834d5f6a6bc090e19e7c4385762c2a0a/core.a(rtos.cpp.o)
 .bss._ZZ29vApplicationGetIdleTaskMemoryE15uxIdleTaskStack
                0x0000000020003ecc      0x190 /home/sean/.cache/arduino/sketches/828FCB417685B578D8734FE54D6C0719/../../cores/adafruit_nrf52_feather52832_834d5f6a6bc090e19e7c4385762c2a0a/core.a(rtos.cpp.o)
 .bss._ZZ30vApplicationGetTimerTaskMemoryE13xTimerTaskTCB
                0x000000002000405c       0x54 /home/sean/.cache/arduino/sketches/828FCB417685B578D8734FE54D6C0719/../../cores/adafruit_nrf52_feather52832_834d5f6a6bc090e19e7c4385762c2a0a/core.a(rtos.cpp.o)
 .bss._ZZ30vApplicationGetTimerTaskMemoryE16uxTimerTaskStack
                0x00000000200040b0      0x400 /home/sean/.cache/arduino/sketches/828FCB417685B578D8734FE54D6C0719/../../cores/adafruit_nrf52_feather52832_834d5f6a6bc090e19e7c4385762c2a0a/core.a(rtos.cpp.o)
 .bss._cb_qdepth
                0x00000000200044b0        0x4 /home/sean/.cache/arduino/sketches/828FCB417685B578D8734FE54D6C0719/../../cores/adafruit_nrf52_feather52832_834d5f6a6bc090e19e7c4385762c2a0a/core.a(AdaCallback.c.o)
 .bss._cb_queue
                0x00000000200044b4        0x4 /home/sean/.cache/arduino/sketches/828FCB417685B578D8734FE54D6C0719/../../cores/adafruit_nrf52_feather52832_834d5f6a6bc090e19e7c4385762c2a0a/core.a(AdaCallback.c.o)
 .bss._cb_task  0x00000000200044b8        0x4 /home/sean/.cache/arduino/sketches/828FCB417685B578D8734FE54D6C0719/../../cores/adafruit_nrf52_feather52832_834d5f6a6bc090e19e7c4385762c2a0a/core.a(AdaCallback.c.o)
 .bss._reset_reason
                0x00000000200044bc        0x4 /home/sean/.cache/arduino/sketches/828FCB417685B578D8734FE54D6C0719/../../cores/adafruit_nrf52_feather52832_834d5f6a6bc090e19e7c4385762c2a0a/core.a(wiring.c.o)
 .bss.bootloaderVersion
                0x00000000200044c0        0x4 /home/sean/.cache/arduino/sketches/828FCB417685B578D8734FE54D6C0719/../../cores/adafruit_nrf52_feather52832_834d5f6a6bc090e19e7c4385762c2a0a/core.a(wiring.c.o)
                0x00000000200044c0                bootloaderVersion
 .bss.Serial    0x00000000200044c4       0xa8 /home/sean/.cache/arduino/sketches/828FCB417685B578D8734FE54D6C0719/../../cores/adafruit_nrf52_feather52832_834d5f6a6bc090e19e7c4385762c2a0a/core.a(Uart.cpp.o)
                0x00000000200044c4                Serial
 .bss.pxCurrentTCB
                0x000000002000456c        0x4 /home/sean/.cache/arduino/sketches/828FCB417685B578D8734FE54D6C0719/../../cores/adafruit_nrf52_feather52832_834d5f6a6bc090e19e7c4385762c2a0a/core.a(tasks.c.o)
                0x000000002000456c                pxCurrentTCB
 .bss.pxDelayedTaskList
                0x0000000020004570        0x4 /home/sean/.cache/arduino/sketches/828FCB417685B578D8734FE54D6C0719/../../cores/adafruit_nrf52_feather52832_834d5f6a6bc090e19e7c4385762c2a0a/core.a(tasks.c.o)
 .bss.pxOverflowDelayedTaskList
                0x0000000020004574        0x4 /home/sean/.cache/arduino/sketches/828FCB417685B578D8734FE54D6C0719/../../cores/adafruit_nrf52_feather52832_834d5f6a6bc090e19e7c4385762c2a0a/core.a(tasks.c.o)
 .bss.pxReadyTasksLists
                0x0000000020004578       0x64 /home/sean/.cache/arduino/sketches/828FCB417685B578D8734FE54D6C0719/../../cores/adafruit_nrf52_feather52832_834d5f6a6bc090e19e7c4385762c2a0a/core.a(tasks.c.o)
 .bss.uxCurrentNumberOfTasks
                0x00000000200045dc        0x4 /home/sean/.cache/arduino/sketches/828FCB417685B578D8734FE54D6C0719/../../cores/adafruit_nrf52_feather52832_834d5f6a6bc090e19e7c4385762c2a0a/core.a(tasks.c.o)
 .bss.uxDeletedTasksWaitingCleanUp
                0x00000000200045e0        0x4 /home/sean/.cache/arduino/sketches/828FCB417685B578D8734FE54D6C0719/../../cores/adafruit_nrf52_feather52832_834d5f6a6bc090e19e7c4385762c2a0a/core.a(tasks.c.o)
 .bss.uxPendedTicks
                0x00000000200045e4        0x4 /home/sean/.cache/arduino/sketches/828FCB417685B578D8734FE54D6C0719/../../cores/adafruit_nrf52_feather52832_834d5f6a6bc090e19e7c4385762c2a0a/core.a(tasks.c.o)
 .bss.uxSchedulerSuspended
                0x00000000200045e8        0x4 /home/sean/.cache/arduino/sketches/828FCB417685B578D8734FE54D6C0719/../../cores/adafruit_nrf52_feather52832_834d5f6a6bc090e19e7c4385762c2a0a/core.a(tasks.c.o)
 .bss.uxTaskNumber
                0x00000000200045ec        0x4 /home/sean/.cache/arduino/sketches/828FCB417685B578D8734FE54D6C0719/../../cores/adafruit_nrf52_feather52832_834d5f6a6bc090e19e7c4385762c2a0a/core.a(tasks.c.o)
 .bss.uxTopReadyPriority
                0x00000000200045f0        0x4 /home/sean/.cache/arduino/sketches/828FCB417685B578D8734FE54D6C0719/../../cores/adafruit_nrf52_feather52832_834d5f6a6bc090e19e7c4385762c2a0a/core.a(tasks.c.o)
 .bss.xDelayedTaskList1
                0x00000000200045f4       0x14 /home/sean/.cache/arduino/sketches/828FCB417685B578D8734FE54D6C0719/../../cores/adafruit_nrf52_feather52832_834d5f6a6bc090e19e7c4385762c2a0a/core.a(tasks.c.o)
 .bss.xDelayedTaskList2
                0x0000000020004608       0x14 /home/sean/.cache/arduino/sketches/828FCB417685B578D8734FE54D6C0719/../../cores/adafruit_nrf52_feather52832_834d5f6a6bc090e19e7c4385762c2a0a/core.a(tasks.c.o)
 .bss.xIdleTaskHandle
                0x000000002000461c        0x4 /home/sean/.cache/arduino/sketches/828FCB417685B578D8734FE54D6C0719/../../cores/adafruit_nrf52_feather52832_834d5f6a6bc090e19e7c4385762c2a0a/core.a(tasks.c.o)
 .bss.xNextTaskUnblockTime
                0x0000000020004620        0x4 /home/sean/.cache/arduino/sketches/828FCB417685B578D8734FE54D6C0719/../../cores/adafruit_nrf52_feather52832_834d5f6a6bc090e19e7c4385762c2a0a/core.a(tasks.c.o)
 .bss.xNumOfOverflows
                0x0000000020004624        0x4 /home/sean/.cache/arduino/sketches/828FCB417685B578D8734FE54D6C0719/../../cores/adafruit_nrf52_feather52832_834d5f6a6bc090e19e7c4385762c2a0a/core.a(tasks.c.o)
 .bss.xPendingReadyList
                0x0000000020004628       0x14 /home/sean/.cache/arduino/sketches/828FCB417685B578D8734FE54D6C0719/../../cores/adafruit_nrf52_feather52832_834d5f6a6bc090e19e7c4385762c2a0a/core.a(tasks.c.o)
 .bss.xSchedulerRunning
                0x000000002000463c        0x4 /home/sean/.cache/arduino/sketches/828FCB417685B578D8734FE54D6C0719/../../cores/adafruit_nrf52_feather52832_834d5f6a6bc090e19e7c4385762c2a0a/core.a(tasks.c.o)
 .bss.xSuspendedTaskList
                0x0000000020004640       0x14 /home/sean/.cache/arduino/sketches/828FCB417685B578D8734FE54D6C0719/../../cores/adafruit_nrf52_feather52832_834d5f6a6bc090e19e7c4385762c2a0a/core.a(tasks.c.o)
 .bss.xTasksWaitingTermination
                0x0000000020004654       0x14 /home/sean/.cache/arduino/sketches/828FCB417685B578D8734FE54D6C0719/../../cores/adafruit_nrf52_feather52832_834d5f6a6bc090e19e7c4385762c2a0a/core.a(tasks.c.o)
 .bss.xTickCount
                0x0000000020004668        0x4 /home/sean/.cache/arduino/sketches/828FCB417685B578D8734FE54D6C0719/../../cores/adafruit_nrf52_feather52832_834d5f6a6bc090e19e7c4385762c2a0a/core.a(tasks.c.o)
 .bss.xYieldPending
                0x000000002000466c        0x4 /home/sean/.cache/arduino/sketches/828FCB417685B578D8734FE54D6C0719/../../cores/adafruit_nrf52_feather52832_834d5f6a6bc090e19e7c4385762c2a0a/core.a(tasks.c.o)
 .bss.pxCurrentTimerList
                0x0000000020004670        0x4 /home/sean/.cache/arduino/sketches/828FCB417685B578D8734FE54D6C0719/../../cores/adafruit_nrf52_feather52832_834d5f6a6bc090e19e7c4385762c2a0a/core.a(timers.c.o)
 .bss.pxOverflowTimerList
                0x0000000020004674        0x4 /home/sean/.cache/arduino/sketches/828FCB417685B578D8734FE54D6C0719/../../cores/adafruit_nrf52_feather52832_834d5f6a6bc090e19e7c4385762c2a0a/core.a(timers.c.o)
 .bss.ucStaticTimerQueueStorage.9336
                0x0000000020004678      0x200 /home/sean/.cache/arduino/sketches/828FCB417685B578D8734FE54D6C0719/../../cores/adafruit_nrf52_feather52832_834d5f6a6bc090e19e7c4385762c2a0a/core.a(timers.c.o)
 .bss.xActiveTimerList1
                0x0000000020004878       0x14 /home/sean/.cache/arduino/sketches/828FCB417685B578D8734FE54D6C0719/../../cores/adafruit_nrf52_feather52832_834d5f6a6bc090e19e7c4385762c2a0a/core.a(timers.c.o)
 .bss.xActiveTimerList2
                0x000000002000488c       0x14 /home/sean/.cache/arduino/sketches/828FCB417685B578D8734FE54D6C0719/../../cores/adafruit_nrf52_feather52832_834d5f6a6bc090e19e7c4385762c2a0a/core.a(timers.c.o)
 .bss.xLastTime.9289
                0x00000000200048a0        0x4 /home/sean/.cache/arduino/sketches/828FCB417685B578D8734FE54D6C0719/../../cores/adafruit_nrf52_feather52832_834d5f6a6bc090e19e7c4385762c2a0a/core.a(timers.c.o)
 .bss.xStaticTimerQueue.9335
                0x00000000200048a4       0x50 /home/sean/.cache/arduino/sketches/828FCB417685B578D8734FE54D6C0719/../../cores/adafruit_nrf52_feather52832_834d5f6a6bc090e19e7c4385762c2a0a/core.a(timers.c.o)
 .bss.xTimerQueue
                0x00000000200048f4        0x4 /home/sean/.cache/arduino/sketches/828FCB417685B578D8734FE54D6C0719/../../cores/adafruit_nrf52_feather52832_834d5f6a6bc090e19e7c4385762c2a0a/core.a(timers.c.o)
 .bss.xTimerTaskHandle
                0x00000000200048f8        0x4 /home/sean/.cache/arduino/sketches/828FCB417685B578D8734FE54D6C0719/../../cores/adafruit_nrf52_feather52832_834d5f6a6bc090e19e7c4385762c2a0a/core.a(timers.c.o)
 .bss.uxCriticalNesting
                0x00000000200048fc        0x4 /home/sean/.cache/arduino/sketches/828FCB417685B578D8734FE54D6C0719/../../cores/adafruit_nrf52_feather52832_834d5f6a6bc090e19e7c4385762c2a0a/core.a(port_cmsis.c.o)
 .bss.__malloc_current_mallinfo
                0x0000000020004900       0x28 /home/sean/.arduino15/packages/adafruit/tools/arm-none-eabi-gcc/9-2019q4/bin/../lib/gcc/arm-none-eabi/9.2.1/../../../../arm-none-eabi/lib/thumb/v7e-m+fp/hard/libc.a(lib_a-mallocr.o)
                0x0000000020004900                __malloc_current_mallinfo
 .bss.__malloc_max_sbrked_mem
                0x0000000020004928        0x4 /home/sean/.arduino15/packages/adafruit/tools/arm-none-eabi-gcc/9-2019q4/bin/../lib/gcc/arm-none-eabi/9.2.1/../../../../arm-none-eabi/lib/thumb/v7e-m+fp/hard/libc.a(lib_a-mallocr.o)
                0x0000000020004928                __malloc_max_sbrked_mem
 .bss.__malloc_max_total_mem
                0x000000002000492c        0x4 /home/sean/.arduino15/packages/adafruit/tools/arm-none-eabi-gcc/9-2019q4/bin/../lib/gcc/arm-none-eabi/9.2.1/../../../../arm-none-eabi/lib/thumb/v7e-m+fp/hard/libc.a(lib_a-mallocr.o)
                0x000000002000492c                __malloc_max_total_mem
 .bss.__malloc_top_pad
                0x0000000020004930        0x4 /home/sean/.arduino15/packages/adafruit/tools/arm-none-eabi-gcc/9-2019q4/bin/../lib/gcc/arm-none-eabi/9.2.1/../../../../arm-none-eabi/lib/thumb/v7e-m+fp/hard/libc.a(lib_a-mallocr.o)
                0x0000000020004930                __malloc_top_pad
 .bss.heap_end.5507
                0x0000000020004934        0x4 /home/sean/.arduino15/packages/adafruit/tools/arm-none-eabi-gcc/9-2019q4/bin/../lib/gcc/arm-none-eabi/9.2.1/../../../../arm-none-eabi/lib/thumb/v7e-m+fp/hard/libnosys.a(sbrk.o)
 *(COMMON)
 COMMON         0x0000000020004938        0xc /home/sean/.cache/arduino/sketches/828FCB417685B578D8734FE54D6C0719/../../cores/adafruit_nrf52_feather52832_834d5f6a6bc090e19e7c4385762c2a0a/core.a(wiring.c.o)
                0x0000000020004938                nrf_nvic_state
 COMMON         0x0000000020004944       0x10 /home/sean/.cache/arduino/sketches/828FCB417685B578D8734FE54D6C0719/../../cores/adafruit_nrf52_feather52832_834d5f6a6bc090e19e7c4385762c2a0a/core.a(queue.c.o)
                0x0000000020004944                xQueueRegistry
 COMMON         0x0000000020004954       0x21 /home/sean/.arduino15/packages/adafruit/tools/arm-none-eabi-gcc/9-2019q4/bin/../lib/gcc/arm-none-eabi/9.2.1/../../../../arm-none-eabi/lib/thumb/v7e-m+fp/hard/libc.a(lib_a-lock.o)
                0x0000000020004954                __lock___atexit_recursive_mutex
                0x0000000020004958                __lock___arc4random_mutex
                0x000000002000495c                __lock___env_recursive_mutex
                0x0000000020004960                __lock___sinit_recursive_mutex
                0x0000000020004964                __lock___malloc_recursive_mutex
                0x0000000020004968                __lock___at_quick_exit_mutex
                0x000000002000496c                __lock___dd_hash_mutex
                0x0000000020004970                __lock___tz_mutex
                0x0000000020004974                __lock___sfp_recursive_mutex
 *fill*         0x0000000020004975        0x3 
 COMMON         0x0000000020004978        0x4 /home/sean/.arduino15/packages/adafruit/tools/arm-none-eabi-gcc/9-2019q4/bin/../lib/gcc/arm-none-eabi/9.2.1/../../../../arm-none-eabi/lib/thumb/v7e-m+fp/hard/libc.a(lib_a-reent.o)
                0x0000000020004978                errno
                0x000000002000497c                . = ALIGN (0x4)
                0x000000002000497c                __bss_end__ = .

.heap           0x000000002000497c     0xae84 load address 0x000000000002b270
                0x000000002000497c                __HeapBase = .
                0x000000002000497c                __end__ = .
                0x000000002000497c                PROVIDE (end = .)
 *(.heap*)
                0x000000002000f800                . = ALIGN (__StackLimit)
 *fill*         0x000000002000497c     0xae84 
                0x000000002000f800                __HeapLimit = .
                0x0000000000000001                ASSERT ((__StackLimit >= __HeapLimit), region RAM overflowed with stack)
                0x0000000000000001                ASSERT ((__StackLimit >= __bss_end__), region RAM overflowed with stack)
OUTPUT(/home/sean/.cache/arduino/sketches/828FCB417685B578D8734FE54D6C0719/macro-blues.ino.elf elf32-littlearm)

.ARM.attributes
                0x0000000000000000       0x32
 .ARM.attributes
                0x0000000000000000       0x34 /home/sean/.arduino15/packages/adafruit/tools/arm-none-eabi-gcc/9-2019q4/bin/../lib/gcc/arm-none-eabi/9.2.1/thumb/v7e-m+fp/hard/crtfastmath.o
 .ARM.attributes
                0x0000000000000034       0x1e /home/sean/.arduino15/packages/adafruit/tools/arm-none-eabi-gcc/9-2019q4/bin/../lib/gcc/arm-none-eabi/9.2.1/thumb/v7e-m+fp/hard/crti.o
 .ARM.attributes
                0x0000000000000052       0x34 /home/sean/.arduino15/packages/adafruit/tools/arm-none-eabi-gcc/9-2019q4/bin/../lib/gcc/arm-none-eabi/9.2.1/thumb/v7e-m+fp/hard/crtbegin.o
 .ARM.attributes
                0x0000000000000086       0x1c /home/sean/.arduino15/packages/adafruit/tools/arm-none-eabi-gcc/9-2019q4/bin/../lib/gcc/arm-none-eabi/9.2.1/../../../../arm-none-eabi/lib/thumb/v7e-m+fp/hard/crt0.o
 .ARM.attributes
                0x00000000000000a2       0x30 /home/sean/.cache/arduino/sketches/828FCB417685B578D8734FE54D6C0719/sketch/led.c.o
 .ARM.attributes
                0x00000000000000d2       0x30 /home/sean/.cache/arduino/sketches/828FCB417685B578D8734FE54D6C0719/sketch/macro-blues.ino.cpp.o
 .ARM.attributes
                0x0000000000000102       0x30 /home/sean/.cache/arduino/sketches/828FCB417685B578D8734FE54D6C0719/core/variant.cpp.o
 .ARM.attributes
                0x0000000000000132       0x20 /home/sean/.cache/arduino/sketches/828FCB417685B578D8734FE54D6C0719/../../cores/adafruit_nrf52_feather52832_834d5f6a6bc090e19e7c4385762c2a0a/core.a(gcc_startup_nrf52.S.o)
 .ARM.attributes
                0x0000000000000152       0x30 /home/sean/.cache/arduino/sketches/828FCB417685B578D8734FE54D6C0719/../../cores/adafruit_nrf52_feather52832_834d5f6a6bc090e19e7c4385762c2a0a/core.a(main.cpp.o)
 .ARM.attributes
                0x0000000000000182       0x30 /home/sean/.cache/arduino/sketches/828FCB417685B578D8734FE54D6C0719/../../cores/adafruit_nrf52_feather52832_834d5f6a6bc090e19e7c4385762c2a0a/core.a(system_nrf52.c.o)
 .ARM.attributes
                0x00000000000001b2       0x30 /home/sean/.cache/arduino/sketches/828FCB417685B578D8734FE54D6C0719/../../cores/adafruit_nrf52_feather52832_834d5f6a6bc090e19e7c4385762c2a0a/core.a(rtos.cpp.o)
 .ARM.attributes
                0x00000000000001e2       0x30 /home/sean/.cache/arduino/sketches/828FCB417685B578D8734FE54D6C0719/../../cores/adafruit_nrf52_feather52832_834d5f6a6bc090e19e7c4385762c2a0a/core.a(AdaCallback.c.o)
 .ARM.attributes
                0x0000000000000212       0x30 /home/sean/.cache/arduino/sketches/828FCB417685B578D8734FE54D6C0719/../../cores/adafruit_nrf52_feather52832_834d5f6a6bc090e19e7c4385762c2a0a/core.a(wiring.c.o)
 .ARM.attributes
                0x0000000000000242       0x30 /home/sean/.cache/arduino/sketches/828FCB417685B578D8734FE54D6C0719/../../cores/adafruit_nrf52_feather52832_834d5f6a6bc090e19e7c4385762c2a0a/core.a(wiring_digital.c.o)
 .ARM.attributes
                0x0000000000000272       0x30 /home/sean/.cache/arduino/sketches/828FCB417685B578D8734FE54D6C0719/../../cores/adafruit_nrf52_feather52832_834d5f6a6bc090e19e7c4385762c2a0a/core.a(Uart.cpp.o)
 .ARM.attributes
                0x00000000000002a2       0x30 /home/sean/.cache/arduino/sketches/828FCB417685B578D8734FE54D6C0719/../../cores/adafruit_nrf52_feather52832_834d5f6a6bc090e19e7c4385762c2a0a/core.a(heap_3.c.o)
 .ARM.attributes
                0x00000000000002d2       0x30 /home/sean/.cache/arduino/sketches/828FCB417685B578D8734FE54D6C0719/../../cores/adafruit_nrf52_feather52832_834d5f6a6bc090e19e7c4385762c2a0a/core.a(queue.c.o)
 .ARM.attributes
                0x0000000000000302       0x30 /home/sean/.cache/arduino/sketches/828FCB417685B578D8734FE54D6C0719/../../cores/adafruit_nrf52_feather52832_834d5f6a6bc090e19e7c4385762c2a0a/core.a(tasks.c.o)
 .ARM.attributes
                0x0000000000000332       0x30 /home/sean/.cache/arduino/sketches/828FCB417685B578D8734FE54D6C0719/../../cores/adafruit_nrf52_feather52832_834d5f6a6bc090e19e7c4385762c2a0a/core.a(timers.c.o)
 .ARM.attributes
                0x0000000000000362       0x30 /home/sean/.cache/arduino/sketches/828FCB417685B578D8734FE54D6C0719/../../cores/adafruit_nrf52_feather52832_834d5f6a6bc090e19e7c4385762c2a0a/core.a(port_cmsis.c.o)
 .ARM.attributes
                0x0000000000000392       0x30 /home/sean/.cache/arduino/sketches/828FCB417685B578D8734FE54D6C0719/../../cores/adafruit_nrf52_feather52832_834d5f6a6bc090e19e7c4385762c2a0a/core.a(port_cmsis_systick.c.o)
 .ARM.attributes
                0x00000000000003c2       0x30 /home/sean/.cache/arduino/sketches/828FCB417685B578D8734FE54D6C0719/../../cores/adafruit_nrf52_feather52832_834d5f6a6bc090e19e7c4385762c2a0a/core.a(port.c.o)
 .ARM.attributes
                0x00000000000003f2       0x30 /home/sean/.cache/arduino/sketches/828FCB417685B578D8734FE54D6C0719/../../cores/adafruit_nrf52_feather52832_834d5f6a6bc090e19e7c4385762c2a0a/core.a(hooks.c.o)
 .ARM.attributes
                0x0000000000000422       0x30 /home/sean/.cache/arduino/sketches/828FCB417685B578D8734FE54D6C0719/../../cores/adafruit_nrf52_feather52832_834d5f6a6bc090e19e7c4385762c2a0a/core.a(RingBuffer.cpp.o)
 .ARM.attributes
                0x0000000000000452       0x30 /home/sean/.cache/arduino/sketches/828FCB417685B578D8734FE54D6C0719/../../cores/adafruit_nrf52_feather52832_834d5f6a6bc090e19e7c4385762c2a0a/core.a(list.c.o)
 .ARM.attributes
                0x0000000000000482       0x34 /home/sean/.arduino15/packages/adafruit/tools/arm-none-eabi-gcc/9-2019q4/bin/../lib/gcc/arm-none-eabi/9.2.1/../../../../arm-none-eabi/lib/thumb/v7e-m+fp/hard/libc.a(lib_a-exit.o)
 .ARM.attributes
                0x00000000000004b6       0x32 /home/sean/.arduino15/packages/adafruit/tools/arm-none-eabi-gcc/9-2019q4/bin/../lib/gcc/arm-none-eabi/9.2.1/../../../../arm-none-eabi/lib/thumb/v7e-m+fp/hard/libc.a(lib_a-impure.o)
 .ARM.attributes
                0x00000000000004e8       0x34 /home/sean/.arduino15/packages/adafruit/tools/arm-none-eabi-gcc/9-2019q4/bin/../lib/gcc/arm-none-eabi/9.2.1/../../../../arm-none-eabi/lib/thumb/v7e-m+fp/hard/libc.a(lib_a-init.o)
 .ARM.attributes
                0x000000000000051c       0x34 /home/sean/.arduino15/packages/adafruit/tools/arm-none-eabi-gcc/9-2019q4/bin/../lib/gcc/arm-none-eabi/9.2.1/../../../../arm-none-eabi/lib/thumb/v7e-m+fp/hard/libc.a(lib_a-malloc.o)
 .ARM.attributes
                0x0000000000000550       0x34 /home/sean/.arduino15/packages/adafruit/tools/arm-none-eabi-gcc/9-2019q4/bin/../lib/gcc/arm-none-eabi/9.2.1/../../../../arm-none-eabi/lib/thumb/v7e-m+fp/hard/libc.a(lib_a-mallocr.o)
 .ARM.attributes
                0x0000000000000584       0x1c /home/sean/.arduino15/packages/adafruit/tools/arm-none-eabi-gcc/9-2019q4/bin/../lib/gcc/arm-none-eabi/9.2.1/../../../../arm-none-eabi/lib/thumb/v7e-m+fp/hard/libc.a(lib_a-memcpy.o)
 .ARM.attributes
                0x00000000000005a0       0x34 /home/sean/.arduino15/packages/adafruit/tools/arm-none-eabi-gcc/9-2019q4/bin/../lib/gcc/arm-none-eabi/9.2.1/../../../../arm-none-eabi/lib/thumb/v7e-m+fp/hard/libc.a(lib_a-memset.o)
 .ARM.attributes
                0x00000000000005d4       0x34 /home/sean/.arduino15/packages/adafruit/tools/arm-none-eabi-gcc/9-2019q4/bin/../lib/gcc/arm-none-eabi/9.2.1/../../../../arm-none-eabi/lib/thumb/v7e-m+fp/hard/libc.a(lib_a-mlock.o)
 .ARM.attributes
                0x0000000000000608       0x34 /home/sean/.arduino15/packages/adafruit/tools/arm-none-eabi-gcc/9-2019q4/bin/../lib/gcc/arm-none-eabi/9.2.1/../../../../arm-none-eabi/lib/thumb/v7e-m+fp/hard/libc.a(lib_a-sbrkr.o)
 .ARM.attributes
                0x000000000000063c       0x34 /home/sean/.arduino15/packages/adafruit/tools/arm-none-eabi-gcc/9-2019q4/bin/../lib/gcc/arm-none-eabi/9.2.1/../../../../arm-none-eabi/lib/thumb/v7e-m+fp/hard/libc.a(lib_a-__call_atexit.o)
 .ARM.attributes
                0x0000000000000670       0x34 /home/sean/.arduino15/packages/adafruit/tools/arm-none-eabi-gcc/9-2019q4/bin/../lib/gcc/arm-none-eabi/9.2.1/../../../../arm-none-eabi/lib/thumb/v7e-m+fp/hard/libc.a(lib_a-atexit.o)
 .ARM.attributes
                0x00000000000006a4       0x34 /home/sean/.arduino15/packages/adafruit/tools/arm-none-eabi-gcc/9-2019q4/bin/../lib/gcc/arm-none-eabi/9.2.1/../../../../arm-none-eabi/lib/thumb/v7e-m+fp/hard/libc.a(lib_a-fini.o)
 .ARM.attributes
                0x00000000000006d8       0x34 /home/sean/.arduino15/packages/adafruit/tools/arm-none-eabi-gcc/9-2019q4/bin/../lib/gcc/arm-none-eabi/9.2.1/../../../../arm-none-eabi/lib/thumb/v7e-m+fp/hard/libc.a(lib_a-freer.o)
 .ARM.attributes
                0x000000000000070c       0x34 /home/sean/.arduino15/packages/adafruit/tools/arm-none-eabi-gcc/9-2019q4/bin/../lib/gcc/arm-none-eabi/9.2.1/../../../../arm-none-eabi/lib/thumb/v7e-m+fp/hard/libc.a(lib_a-lock.o)
 .ARM.attributes
                0x0000000000000740       0x34 /home/sean/.arduino15/packages/adafruit/tools/arm-none-eabi-gcc/9-2019q4/bin/../lib/gcc/arm-none-eabi/9.2.1/../../../../arm-none-eabi/lib/thumb/v7e-m+fp/hard/libc.a(lib_a-reent.o)
 .ARM.attributes
                0x0000000000000774       0x34 /home/sean/.arduino15/packages/adafruit/tools/arm-none-eabi-gcc/9-2019q4/bin/../lib/gcc/arm-none-eabi/9.2.1/../../../../arm-none-eabi/lib/thumb/v7e-m+fp/hard/libc.a(lib_a-__atexit.o)
 .ARM.attributes
                0x00000000000007a8       0x34 /home/sean/.arduino15/packages/adafruit/tools/arm-none-eabi-gcc/9-2019q4/bin/../lib/gcc/arm-none-eabi/9.2.1/../../../../arm-none-eabi/lib/thumb/v7e-m+fp/hard/libnosys.a(sbrk.o)
 .ARM.attributes
                0x00000000000007dc       0x34 /home/sean/.arduino15/packages/adafruit/tools/arm-none-eabi-gcc/9-2019q4/bin/../lib/gcc/arm-none-eabi/9.2.1/../../../../arm-none-eabi/lib/thumb/v7e-m+fp/hard/libnosys.a(_exit.o)
 .ARM.attributes
                0x0000000000000810       0x32 /home/sean/.arduino15/packages/adafruit/tools/arm-none-eabi-gcc/9-2019q4/bin/../lib/gcc/arm-none-eabi/9.2.1/thumb/v7e-m+fp/hard/crtend.o
 .ARM.attributes
                0x0000000000000842       0x1e /home/sean/.arduino15/packages/adafruit/tools/arm-none-eabi-gcc/9-2019q4/bin/../lib/gcc/arm-none-eabi/9.2.1/thumb/v7e-m+fp/hard/crtn.o

.comment        0x0000000000000000       0x79
 .comment       0x0000000000000000       0x79 /home/sean/.cache/arduino/sketches/828FCB417685B578D8734FE54D6C0719/sketch/led.c.o
                                         0x7a (size before relaxing)
 .comment       0x0000000000000079       0x7a /home/sean/.cache/arduino/sketches/828FCB417685B578D8734FE54D6C0719/sketch/macro-blues.ino.cpp.o
 .comment       0x0000000000000079       0x7a /home/sean/.cache/arduino/sketches/828FCB417685B578D8734FE54D6C0719/core/variant.cpp.o
 .comment       0x0000000000000079       0x7a /home/sean/.cache/arduino/sketches/828FCB417685B578D8734FE54D6C0719/../../cores/adafruit_nrf52_feather52832_834d5f6a6bc090e19e7c4385762c2a0a/core.a(main.cpp.o)
 .comment       0x0000000000000079       0x7a /home/sean/.cache/arduino/sketches/828FCB417685B578D8734FE54D6C0719/../../cores/adafruit_nrf52_feather52832_834d5f6a6bc090e19e7c4385762c2a0a/core.a(system_nrf52.c.o)
 .comment       0x0000000000000079       0x7a /home/sean/.cache/arduino/sketches/828FCB417685B578D8734FE54D6C0719/../../cores/adafruit_nrf52_feather52832_834d5f6a6bc090e19e7c4385762c2a0a/core.a(rtos.cpp.o)
 .comment       0x0000000000000079       0x7a /home/sean/.cache/arduino/sketches/828FCB417685B578D8734FE54D6C0719/../../cores/adafruit_nrf52_feather52832_834d5f6a6bc090e19e7c4385762c2a0a/core.a(AdaCallback.c.o)
 .comment       0x0000000000000079       0x7a /home/sean/.cache/arduino/sketches/828FCB417685B578D8734FE54D6C0719/../../cores/adafruit_nrf52_feather52832_834d5f6a6bc090e19e7c4385762c2a0a/core.a(wiring.c.o)
 .comment       0x0000000000000079       0x7a /home/sean/.cache/arduino/sketches/828FCB417685B578D8734FE54D6C0719/../../cores/adafruit_nrf52_feather52832_834d5f6a6bc090e19e7c4385762c2a0a/core.a(wiring_digital.c.o)
 .comment       0x0000000000000079       0x7a /home/sean/.cache/arduino/sketches/828FCB417685B578D8734FE54D6C0719/../../cores/adafruit_nrf52_feather52832_834d5f6a6bc090e19e7c4385762c2a0a/core.a(Uart.cpp.o)
 .comment       0x0000000000000079       0x7a /home/sean/.cache/arduino/sketches/828FCB417685B578D8734FE54D6C0719/../../cores/adafruit_nrf52_feather52832_834d5f6a6bc090e19e7c4385762c2a0a/core.a(heap_3.c.o)
 .comment       0x0000000000000079       0x7a /home/sean/.cache/arduino/sketches/828FCB417685B578D8734FE54D6C0719/../../cores/adafruit_nrf52_feather52832_834d5f6a6bc090e19e7c4385762c2a0a/core.a(queue.c.o)
 .comment       0x0000000000000079       0x7a /home/sean/.cache/arduino/sketches/828FCB417685B578D8734FE54D6C0719/../../cores/adafruit_nrf52_feather52832_834d5f6a6bc090e19e7c4385762c2a0a/core.a(tasks.c.o)
 .comment       0x0000000000000079       0x7a /home/sean/.cache/arduino/sketches/828FCB417685B578D8734FE54D6C0719/../../cores/adafruit_nrf52_feather52832_834d5f6a6bc090e19e7c4385762c2a0a/core.a(timers.c.o)
 .comment       0x0000000000000079       0x7a /home/sean/.cache/arduino/sketches/828FCB417685B578D8734FE54D6C0719/../../cores/adafruit_nrf52_feather52832_834d5f6a6bc090e19e7c4385762c2a0a/core.a(port_cmsis.c.o)
 .comment       0x0000000000000079       0x7a /home/sean/.cache/arduino/sketches/828FCB417685B578D8734FE54D6C0719/../../cores/adafruit_nrf52_feather52832_834d5f6a6bc090e19e7c4385762c2a0a/core.a(port_cmsis_systick.c.o)
 .comment       0x0000000000000079       0x7a /home/sean/.cache/arduino/sketches/828FCB417685B578D8734FE54D6C0719/../../cores/adafruit_nrf52_feather52832_834d5f6a6bc090e19e7c4385762c2a0a/core.a(port.c.o)
 .comment       0x0000000000000079       0x7a /home/sean/.cache/arduino/sketches/828FCB417685B578D8734FE54D6C0719/../../cores/adafruit_nrf52_feather52832_834d5f6a6bc090e19e7c4385762c2a0a/core.a(hooks.c.o)
 .comment       0x0000000000000079       0x7a /home/sean/.cache/arduino/sketches/828FCB417685B578D8734FE54D6C0719/../../cores/adafruit_nrf52_feather52832_834d5f6a6bc090e19e7c4385762c2a0a/core.a(RingBuffer.cpp.o)
 .comment       0x0000000000000079       0x7a /home/sean/.cache/arduino/sketches/828FCB417685B578D8734FE54D6C0719/../../cores/adafruit_nrf52_feather52832_834d5f6a6bc090e19e7c4385762c2a0a/core.a(list.c.o)

.debug_frame    0x0000000000000000     0x1bf4
 .debug_frame   0x0000000000000000       0x20 /home/sean/.arduino15/packages/adafruit/tools/arm-none-eabi-gcc/9-2019q4/bin/../lib/gcc/arm-none-eabi/9.2.1/thumb/v7e-m+fp/hard/crtfastmath.o
 .debug_frame   0x0000000000000020       0x3c /home/sean/.cache/arduino/sketches/828FCB417685B578D8734FE54D6C0719/sketch/led.c.o
 .debug_frame   0x000000000000005c       0x30 /home/sean/.cache/arduino/sketches/828FCB417685B578D8734FE54D6C0719/sketch/macro-blues.ino.cpp.o
 .debug_frame   0x000000000000008c       0x2c /home/sean/.cache/arduino/sketches/828FCB417685B578D8734FE54D6C0719/core/variant.cpp.o
 .debug_frame   0x00000000000000b8       0x80 /home/sean/.cache/arduino/sketches/828FCB417685B578D8734FE54D6C0719/../../cores/adafruit_nrf52_feather52832_834d5f6a6bc090e19e7c4385762c2a0a/core.a(main.cpp.o)
 .debug_frame   0x0000000000000138       0x40 /home/sean/.cache/arduino/sketches/828FCB417685B578D8734FE54D6C0719/../../cores/adafruit_nrf52_feather52832_834d5f6a6bc090e19e7c4385762c2a0a/core.a(system_nrf52.c.o)
 .debug_frame   0x0000000000000178       0xc8 /home/sean/.cache/arduino/sketches/828FCB417685B578D8734FE54D6C0719/../../cores/adafruit_nrf52_feather52832_834d5f6a6bc090e19e7c4385762c2a0a/core.a(rtos.cpp.o)
 .debug_frame   0x0000000000000240       0xd0 /home/sean/.cache/arduino/sketches/828FCB417685B578D8734FE54D6C0719/../../cores/adafruit_nrf52_feather52832_834d5f6a6bc090e19e7c4385762c2a0a/core.a(AdaCallback.c.o)
 .debug_frame   0x0000000000000310      0x158 /home/sean/.cache/arduino/sketches/828FCB417685B578D8734FE54D6C0719/../../cores/adafruit_nrf52_feather52832_834d5f6a6bc090e19e7c4385762c2a0a/core.a(wiring.c.o)
 .debug_frame   0x0000000000000468       0x70 /home/sean/.cache/arduino/sketches/828FCB417685B578D8734FE54D6C0719/../../cores/adafruit_nrf52_feather52832_834d5f6a6bc090e19e7c4385762c2a0a/core.a(wiring_digital.c.o)
 .debug_frame   0x00000000000004d8      0x210 /home/sean/.cache/arduino/sketches/828FCB417685B578D8734FE54D6C0719/../../cores/adafruit_nrf52_feather52832_834d5f6a6bc090e19e7c4385762c2a0a/core.a(Uart.cpp.o)
 .debug_frame   0x00000000000006e8      0x134 /home/sean/.cache/arduino/sketches/828FCB417685B578D8734FE54D6C0719/../../cores/adafruit_nrf52_feather52832_834d5f6a6bc090e19e7c4385762c2a0a/core.a(heap_3.c.o)
 .debug_frame   0x000000000000081c      0x3b0 /home/sean/.cache/arduino/sketches/828FCB417685B578D8734FE54D6C0719/../../cores/adafruit_nrf52_feather52832_834d5f6a6bc090e19e7c4385762c2a0a/core.a(queue.c.o)
 .debug_frame   0x0000000000000bcc      0x6f0 /home/sean/.cache/arduino/sketches/828FCB417685B578D8734FE54D6C0719/../../cores/adafruit_nrf52_feather52832_834d5f6a6bc090e19e7c4385762c2a0a/core.a(tasks.c.o)
 .debug_frame   0x00000000000012bc      0x22c /home/sean/.cache/arduino/sketches/828FCB417685B578D8734FE54D6C0719/../../cores/adafruit_nrf52_feather52832_834d5f6a6bc090e19e7c4385762c2a0a/core.a(timers.c.o)
 .debug_frame   0x00000000000014e8       0x84 /home/sean/.cache/arduino/sketches/828FCB417685B578D8734FE54D6C0719/../../cores/adafruit_nrf52_feather52832_834d5f6a6bc090e19e7c4385762c2a0a/core.a(port_cmsis.c.o)
 .debug_frame   0x000000000000156c       0x9c /home/sean/.cache/arduino/sketches/828FCB417685B578D8734FE54D6C0719/../../cores/adafruit_nrf52_feather52832_834d5f6a6bc090e19e7c4385762c2a0a/core.a(port_cmsis_systick.c.o)
 .debug_frame   0x0000000000001608       0x40 /home/sean/.cache/arduino/sketches/828FCB417685B578D8734FE54D6C0719/../../cores/adafruit_nrf52_feather52832_834d5f6a6bc090e19e7c4385762c2a0a/core.a(port.c.o)
 .debug_frame   0x0000000000001648       0x40 /home/sean/.cache/arduino/sketches/828FCB417685B578D8734FE54D6C0719/../../cores/adafruit_nrf52_feather52832_834d5f6a6bc090e19e7c4385762c2a0a/core.a(hooks.c.o)
 .debug_frame   0x0000000000001688       0xb4 /home/sean/.cache/arduino/sketches/828FCB417685B578D8734FE54D6C0719/../../cores/adafruit_nrf52_feather52832_834d5f6a6bc090e19e7c4385762c2a0a/core.a(RingBuffer.cpp.o)
 .debug_frame   0x000000000000173c       0x88 /home/sean/.cache/arduino/sketches/828FCB417685B578D8734FE54D6C0719/../../cores/adafruit_nrf52_feather52832_834d5f6a6bc090e19e7c4385762c2a0a/core.a(list.c.o)
 .debug_frame   0x00000000000017c4       0x28 /home/sean/.arduino15/packages/adafruit/tools/arm-none-eabi-gcc/9-2019q4/bin/../lib/gcc/arm-none-eabi/9.2.1/../../../../arm-none-eabi/lib/thumb/v7e-m+fp/hard/libc.a(lib_a-exit.o)
 .debug_frame   0x00000000000017ec       0x2c /home/sean/.arduino15/packages/adafruit/tools/arm-none-eabi-gcc/9-2019q4/bin/../lib/gcc/arm-none-eabi/9.2.1/../../../../arm-none-eabi/lib/thumb/v7e-m+fp/hard/libc.a(lib_a-init.o)
 .debug_frame   0x0000000000001818       0x30 /home/sean/.arduino15/packages/adafruit/tools/arm-none-eabi-gcc/9-2019q4/bin/../lib/gcc/arm-none-eabi/9.2.1/../../../../arm-none-eabi/lib/thumb/v7e-m+fp/hard/libc.a(lib_a-malloc.o)
 .debug_frame   0x0000000000001848       0x4c /home/sean/.arduino15/packages/adafruit/tools/arm-none-eabi-gcc/9-2019q4/bin/../lib/gcc/arm-none-eabi/9.2.1/../../../../arm-none-eabi/lib/thumb/v7e-m+fp/hard/libc.a(lib_a-mallocr.o)
 .debug_frame   0x0000000000001894       0x38 /home/sean/.arduino15/packages/adafruit/tools/arm-none-eabi-gcc/9-2019q4/bin/../lib/gcc/arm-none-eabi/9.2.1/../../../../arm-none-eabi/lib/thumb/v7e-m+fp/hard/libc.a(lib_a-memset.o)
 .debug_frame   0x00000000000018cc       0x30 /home/sean/.arduino15/packages/adafruit/tools/arm-none-eabi-gcc/9-2019q4/bin/../lib/gcc/arm-none-eabi/9.2.1/../../../../arm-none-eabi/lib/thumb/v7e-m+fp/hard/libc.a(lib_a-mlock.o)
 .debug_frame   0x00000000000018fc       0x2c /home/sean/.arduino15/packages/adafruit/tools/arm-none-eabi-gcc/9-2019q4/bin/../lib/gcc/arm-none-eabi/9.2.1/../../../../arm-none-eabi/lib/thumb/v7e-m+fp/hard/libc.a(lib_a-sbrkr.o)
 .debug_frame   0x0000000000001928       0x68 /home/sean/.arduino15/packages/adafruit/tools/arm-none-eabi-gcc/9-2019q4/bin/../lib/gcc/arm-none-eabi/9.2.1/../../../../arm-none-eabi/lib/thumb/v7e-m+fp/hard/libc.a(lib_a-__call_atexit.o)
 .debug_frame   0x0000000000001990       0x20 /home/sean/.arduino15/packages/adafruit/tools/arm-none-eabi-gcc/9-2019q4/bin/../lib/gcc/arm-none-eabi/9.2.1/../../../../arm-none-eabi/lib/thumb/v7e-m+fp/hard/libc.a(lib_a-atexit.o)
 .debug_frame   0x00000000000019b0       0x34 /home/sean/.arduino15/packages/adafruit/tools/arm-none-eabi-gcc/9-2019q4/bin/../lib/gcc/arm-none-eabi/9.2.1/../../../../arm-none-eabi/lib/thumb/v7e-m+fp/hard/libc.a(lib_a-fini.o)
 .debug_frame   0x00000000000019e4       0x8c /home/sean/.arduino15/packages/adafruit/tools/arm-none-eabi-gcc/9-2019q4/bin/../lib/gcc/arm-none-eabi/9.2.1/../../../../arm-none-eabi/lib/thumb/v7e-m+fp/hard/libc.a(lib_a-freer.o)
 .debug_frame   0x0000000000001a70       0xb0 /home/sean/.arduino15/packages/adafruit/tools/arm-none-eabi-gcc/9-2019q4/bin/../lib/gcc/arm-none-eabi/9.2.1/../../../../arm-none-eabi/lib/thumb/v7e-m+fp/hard/libc.a(lib_a-lock.o)
 .debug_frame   0x0000000000001b20       0x60 /home/sean/.arduino15/packages/adafruit/tools/arm-none-eabi-gcc/9-2019q4/bin/../lib/gcc/arm-none-eabi/9.2.1/../../../../arm-none-eabi/lib/thumb/v7e-m+fp/hard/libc.a(lib_a-reent.o)
 .debug_frame   0x0000000000001b80       0x34 /home/sean/.arduino15/packages/adafruit/tools/arm-none-eabi-gcc/9-2019q4/bin/../lib/gcc/arm-none-eabi/9.2.1/../../../../arm-none-eabi/lib/thumb/v7e-m+fp/hard/libc.a(lib_a-__atexit.o)
 .debug_frame   0x0000000000001bb4       0x20 /home/sean/.arduino15/packages/adafruit/tools/arm-none-eabi-gcc/9-2019q4/bin/../lib/gcc/arm-none-eabi/9.2.1/../../../../arm-none-eabi/lib/thumb/v7e-m+fp/hard/libnosys.a(sbrk.o)
 .debug_frame   0x0000000000001bd4       0x20 /home/sean/.arduino15/packages/adafruit/tools/arm-none-eabi-gcc/9-2019q4/bin/../lib/gcc/arm-none-eabi/9.2.1/../../../../arm-none-eabi/lib/thumb/v7e-m+fp/hard/libnosys.a(_exit.o)

.debug_info     0x0000000000000000    0x2ec1d
 .debug_info    0x0000000000000000      0x5b1 /home/sean/.cache/arduino/sketches/828FCB417685B578D8734FE54D6C0719/sketch/led.c.o
 .debug_info    0x00000000000005b1     0x599a /home/sean/.cache/arduino/sketches/828FCB417685B578D8734FE54D6C0719/sketch/macro-blues.ino.cpp.o
 .debug_info    0x0000000000005f4b      0x232 /home/sean/.cache/arduino/sketches/828FCB417685B578D8734FE54D6C0719/core/variant.cpp.o
 .debug_info    0x000000000000617d       0x26 /home/sean/.cache/arduino/sketches/828FCB417685B578D8734FE54D6C0719/../../cores/adafruit_nrf52_feather52832_834d5f6a6bc090e19e7c4385762c2a0a/core.a(gcc_startup_nrf52.S.o)
 .debug_info    0x00000000000061a3     0x5ea5 /home/sean/.cache/arduino/sketches/828FCB417685B578D8734FE54D6C0719/../../cores/adafruit_nrf52_feather52832_834d5f6a6bc090e19e7c4385762c2a0a/core.a(main.cpp.o)
 .debug_info    0x000000000000c048     0x1282 /home/sean/.cache/arduino/sketches/828FCB417685B578D8734FE54D6C0719/../../cores/adafruit_nrf52_feather52832_834d5f6a6bc090e19e7c4385762c2a0a/core.a(system_nrf52.c.o)
 .debug_info    0x000000000000d2ca     0x5fc0 /home/sean/.cache/arduino/sketches/828FCB417685B578D8734FE54D6C0719/../../cores/adafruit_nrf52_feather52832_834d5f6a6bc090e19e7c4385762c2a0a/core.a(rtos.cpp.o)
 .debug_info    0x000000000001328a     0x137e /home/sean/.cache/arduino/sketches/828FCB417685B578D8734FE54D6C0719/../../cores/adafruit_nrf52_feather52832_834d5f6a6bc090e19e7c4385762c2a0a/core.a(AdaCallback.c.o)
 .debug_info    0x0000000000014608     0x238e /home/sean/.cache/arduino/sketches/828FCB417685B578D8734FE54D6C0719/../../cores/adafruit_nrf52_feather52832_834d5f6a6bc090e19e7c4385762c2a0a/core.a(wiring.c.o)
 .debug_info    0x0000000000016996      0xfdb /home/sean/.cache/arduino/sketches/828FCB417685B578D8734FE54D6C0719/../../cores/adafruit_nrf52_feather52832_834d5f6a6bc090e19e7c4385762c2a0a/core.a(wiring_digital.c.o)
 .debug_info    0x0000000000017971     0x762d /home/sean/.cache/arduino/sketches/828FCB417685B578D8734FE54D6C0719/../../cores/adafruit_nrf52_feather52832_834d5f6a6bc090e19e7c4385762c2a0a/core.a(Uart.cpp.o)
 .debug_info    0x000000000001ef9e      0xfcb /home/sean/.cache/arduino/sketches/828FCB417685B578D8734FE54D6C0719/../../cores/adafruit_nrf52_feather52832_834d5f6a6bc090e19e7c4385762c2a0a/core.a(heap_3.c.o)
 .debug_info    0x000000000001ff69     0x3fa3 /home/sean/.cache/arduino/sketches/828FCB417685B578D8734FE54D6C0719/../../cores/adafruit_nrf52_feather52832_834d5f6a6bc090e19e7c4385762c2a0a/core.a(queue.c.o)
 .debug_info    0x0000000000023f0c     0x4a44 /home/sean/.cache/arduino/sketches/828FCB417685B578D8734FE54D6C0719/../../cores/adafruit_nrf52_feather52832_834d5f6a6bc090e19e7c4385762c2a0a/core.a(tasks.c.o)
 .debug_info    0x0000000000028950     0x26da /home/sean/.cache/arduino/sketches/828FCB417685B578D8734FE54D6C0719/../../cores/adafruit_nrf52_feather52832_834d5f6a6bc090e19e7c4385762c2a0a/core.a(timers.c.o)
 .debug_info    0x000000000002b02a      0x90b /home/sean/.cache/arduino/sketches/828FCB417685B578D8734FE54D6C0719/../../cores/adafruit_nrf52_feather52832_834d5f6a6bc090e19e7c4385762c2a0a/core.a(port_cmsis.c.o)
 .debug_info    0x000000000002b935     0x1835 /home/sean/.cache/arduino/sketches/828FCB417685B578D8734FE54D6C0719/../../cores/adafruit_nrf52_feather52832_834d5f6a6bc090e19e7c4385762c2a0a/core.a(port_cmsis_systick.c.o)
 .debug_info    0x000000000002d16a       0xfe /home/sean/.cache/arduino/sketches/828FCB417685B578D8734FE54D6C0719/../../cores/adafruit_nrf52_feather52832_834d5f6a6bc090e19e7c4385762c2a0a/core.a(port.c.o)
 .debug_info    0x000000000002d268       0x67 /home/sean/.cache/arduino/sketches/828FCB417685B578D8734FE54D6C0719/../../cores/adafruit_nrf52_feather52832_834d5f6a6bc090e19e7c4385762c2a0a/core.a(hooks.c.o)
 .debug_info    0x000000000002d2cf      0xd99 /home/sean/.cache/arduino/sketches/828FCB417685B578D8734FE54D6C0719/../../cores/adafruit_nrf52_feather52832_834d5f6a6bc090e19e7c4385762c2a0a/core.a(RingBuffer.cpp.o)
 .debug_info    0x000000000002e068      0xbb5 /home/sean/.cache/arduino/sketches/828FCB417685B578D8734FE54D6C0719/../../cores/adafruit_nrf52_feather52832_834d5f6a6bc090e19e7c4385762c2a0a/core.a(list.c.o)

.debug_abbrev   0x0000000000000000     0x555a
 .debug_abbrev  0x0000000000000000      0x204 /home/sean/.cache/arduino/sketches/828FCB417685B578D8734FE54D6C0719/sketch/led.c.o
 .debug_abbrev  0x0000000000000204      0x70f /home/sean/.cache/arduino/sketches/828FCB417685B578D8734FE54D6C0719/sketch/macro-blues.ino.cpp.o
 .debug_abbrev  0x0000000000000913      0x109 /home/sean/.cache/arduino/sketches/828FCB417685B578D8734FE54D6C0719/core/variant.cpp.o
 .debug_abbrev  0x0000000000000a1c       0x14 /home/sean/.cache/arduino/sketches/828FCB417685B578D8734FE54D6C0719/../../cores/adafruit_nrf52_feather52832_834d5f6a6bc090e19e7c4385762c2a0a/core.a(gcc_startup_nrf52.S.o)
 .debug_abbrev  0x0000000000000a30      0x88c /home/sean/.cache/arduino/sketches/828FCB417685B578D8734FE54D6C0719/../../cores/adafruit_nrf52_feather52832_834d5f6a6bc090e19e7c4385762c2a0a/core.a(main.cpp.o)